/tmp/vinkulum-release-0.11.0-final/venv/lib/python3.14/site-packages/numpy/__config__.py:155: UserWarning: Install `pyyaml` for better output
  warnings.warn("Install `pyyaml` for better output", stacklevel=1)
/tmp/vinkulum-release-0.11.0-final/venv/lib/python3.14/site-packages/scipy/__config__.py:167: UserWarning: Install `pyyaml` for better output
  warnings.warn("Install `pyyaml` for better output", stacklevel=1)
32 0 /257
32 64 /257
32 128 /257
32 192 /257
32 256 /257
terminé 32 0.0 13.92171041900292
128 0 /257
128 64 /257
128 128 /257
128 192 /257
128 256 /257
terminé 128 0.0 57.559133168077096
512 0 /257
512 64 /257
512 128 /257
512 192 /257
512 256 /257
terminé 512 0.0 251.57648768392392
