test_budget_scales_with_bodies (test_document.MechanicalDocument.test_budget_scales_with_bodies) ... ok
test_g0_import_preserves_original_inertia_and_parameters (test_document.MechanicalDocument.test_g0_import_preserves_original_inertia_and_parameters) ... ok
test_homogeneous_inertias_and_physical_custom_tensor (test_document.MechanicalDocument.test_homogeneous_inertias_and_physical_custom_tensor) ... ok
test_inputs_are_deeply_immutable (test_document.MechanicalDocument.test_inputs_are_deeply_immutable) ... ok
test_joint_frames_and_allowed_free_translation (test_document.MechanicalDocument.test_joint_frames_and_allowed_free_translation) ... ok
test_json_round_trip_and_unknown_types (test_document.MechanicalDocument.test_json_round_trip_and_unknown_types) ... ok
test_laws_and_invalid_tables (test_document.MechanicalDocument.test_laws_and_invalid_tables) ... ok
test_move_invalidates_joint_undo_restores_with_new_revision (test_document.MechanicalDocument.test_move_invalidates_joint_undo_restores_with_new_revision) ... ok
test_rename_reorder_and_delete_preserve_references (test_document.MechanicalDocument.test_rename_reorder_and_delete_preserve_references) ... ok
test_author_save_run_edit_cancel_and_captured_scene (test_editor3d.EditorRecipe.test_author_save_run_edit_cancel_and_captured_scene) ... ok
test_double_pendulum_authored_through_properties_and_joint_dialogs (test_editor3d.EditorRecipe.test_double_pendulum_authored_through_properties_and_joint_dialogs) ... ok
test_pending_fields_selection_and_drag_survive_completion (test_editor3d.EditorRecipe.test_pending_fields_selection_and_drag_survive_completion) ... ok
test_replacing_visible_result_updates_scene_before_slider_signals (test_editor3d.EditorRecipe.test_replacing_visible_result_updates_scene_before_slider_signals) ... ok
test_commanded_slider_initial_velocity_and_motion (test_mechanism.MechanismAdapter.test_commanded_slider_initial_velocity_and_motion) ... ok
test_double_pendulum_against_independent_lagrange_equations (test_mechanism.MechanismAdapter.test_double_pendulum_against_independent_lagrange_equations) ... 
Double pendulum maximum angle errors: [0.000981345933501021, 0.0002454339142479167, 6.137847110349037e-05]
ok
test_invalid_anchores_refused_before_build (test_mechanism.MechanismAdapter.test_invalid_anchores_refused_before_build) ... ok
test_pendulum_adapter_and_immutable_arrays (test_mechanism.MechanismAdapter.test_pendulum_adapter_and_immutable_arrays) ... ok
test_result_identity_hash_and_archive_shape_guards (test_mechanism.MechanismAdapter.test_result_identity_hash_and_archive_shape_guards) ... ok
test_slider_crank_against_geometric_closure (test_mechanism.MechanismAdapter.test_slider_crank_against_geometric_closure) ... ok
test_temporal_load_and_export (test_mechanism.MechanismAdapter.test_temporal_load_and_export) ... ok
test_GUI02_GUI07_strict_inputs_and_version (test_studio.Contracts.test_GUI02_GUI07_strict_inputs_and_version) ... ok
test_GUI05_reject_mismatched_corrupt_and_partial_result (test_studio.Contracts.test_GUI05_reject_mismatched_corrupt_and_partial_result) ... ok
test_GUI07_export_records_captured_inputs_and_units (test_studio.Contracts.test_GUI07_export_records_captured_inputs_and_units) ... ok
test_T07_reference_and_temporal_refinement (test_studio.Contracts.test_T07_reference_and_temporal_refinement) ... 
T07 errors(rad): [0.001161747282113712, 0.00029058330339071237, 7.26491249149197e-05] ratios: [3.9979836024909194, 3.999818356119473]
ok
test_T10_failed_replace_preserves_previous_file (test_studio.Contracts.test_T10_failed_replace_preserves_previous_file) ... ok
test_GUI05_controlled_failure_cancel_and_crash_keep_result (test_studio.GuiRecipe.test_GUI05_controlled_failure_cancel_and_crash_keep_result) ... ok
test_GUI05_worker_unavailable_reenables_launch (test_studio.GuiRecipe.test_GUI05_worker_unavailable_reenables_launch) ... ok
test_T00_GUI01_to_GUI08_real_window_recipe (test_studio.GuiRecipe.test_T00_GUI01_to_GUI08_real_window_recipe) ... ok
test_scene_picking_manipulation_result_and_shutdown (test_viewport3d.ViewportTests.test_scene_picking_manipulation_result_and_shutdown) ... ok

----------------------------------------------------------------------
Ran 29 tests in 6.219s

OK
