F
======================================================================
FAIL: test_statique_directions_presque_dependantes (vinkulum.test_noyau.AuditNoyau.test_statique_directions_presque_dependantes)
----------------------------------------------------------------------
Traceback (most recent call last):
  File "/tmp/vinkulum-contraintes-avant/vinkulum/test_noyau.py", line 121, in test_statique_directions_presque_dependantes
    np.testing.assert_allclose([reactions['x'][0], reactions['proche'][0]],
    ~~~~~~~~~~~~~~~~~~~~~~~~~~^^^^^^^^^^^^^^^^^^^^^^^^^^^^^^^^^^^^^^^^^^^^^
        [2.-1./math.tan(angle), 1./math.sin(angle)], rtol=2e-15, atol=1e-12)
        ^^^^^^^^^^^^^^^^^^^^^^^^^^^^^^^^^^^^^^^^^^^^^^^^^^^^^^^^^^^^^^^^^^^^
  File "/root/vinkulum/.venv314/lib/python3.14/site-packages/numpy/testing/_private/utils.py", line 1780, in assert_allclose
    assert_array_compare(compare, actual, desired, err_msg=str(err_msg),
    ~~~~~~~~~~~~~~~~~~~~^^^^^^^^^^^^^^^^^^^^^^^^^^^^^^^^^^^^^^^^^^^^^^^^
                         verbose=verbose, header=header, equal_nan=equal_nan,
                         ^^^^^^^^^^^^^^^^^^^^^^^^^^^^^^^^^^^^^^^^^^^^^^^^^^^^
                         strict=strict)
                         ^^^^^^^^^^^^^^
  File "/root/vinkulum/.venv314/lib/python3.14/site-packages/numpy/testing/_private/utils.py", line 988, in assert_array_compare
    raise AssertionError(msg)
AssertionError:
Not equal to tolerance rtol=2e-15, atol=1e-12

Mismatched elements: 2 / 2 (100%)
Mismatch at indices:
 [0]: -997.9999999500399 (ACTUAL), -998.0 (DESIRED)
 [1]: 1000.0004999499149 (ACTUAL), 1000.0004999998748 (DESIRED)
Max absolute difference among violations: 4.99601356e-08
Max relative difference among violations: 5.00602561e-11
 ACTUAL: array([-998.    , 1000.0005])
 DESIRED: array([-998.    , 1000.0005])

----------------------------------------------------------------------
Ran 1 test in 0.003s

FAILED (failures=1)
