1 {'famille': 'poutre', 'formulation': 'milieu', 'n': 8, 'rampe': False} {'reference': {'temps': 0.013585550943389535, 'ok': True, 'evaluations': [49, 49, 49]}, 'candidat': {'temps': 0.01002015802077949, 'ok': True, 'evaluations': [39, 39, 39]}}
2 {'famille': 'poutre', 'formulation': 'milieu', 'n': 8, 'rampe': True} {'reference': {'temps': 0.25018124701455235, 'ok': True, 'evaluations': [879, 879, 879]}, 'candidat': {'temps': 0.07639693096280098, 'ok': True, 'evaluations': [334, 334, 334]}}
3 {'famille': 'poutre', 'formulation': 'milieu', 'n': 20, 'rampe': False} {'reference': {'temps': 0.04011867893859744, 'ok': True, 'evaluations': [49, 49, 49]}, 'candidat': {'temps': 0.028670870000496507, 'ok': True, 'evaluations': [37, 37, 37]}}
4 {'famille': 'poutre', 'formulation': 'milieu', 'n': 20, 'rampe': True} {'reference': {'temps': 0.7236308548599482, 'ok': True, 'evaluations': [879, 879, 879]}, 'candidat': {'temps': 0.22791320993565023, 'ok': True, 'evaluations': [334, 334, 334]}}
5 {'famille': 'poutre', 'formulation': 'milieu', 'n': 60, 'rampe': False} {'reference': {'temps': 0.10537427011877298, 'ok': True, 'evaluations': [49, 49, 49]}, 'candidat': {'temps': 0.07378014922142029, 'ok': True, 'evaluations': [37, 37, 37]}}
6 {'famille': 'poutre', 'formulation': 'milieu', 'n': 60, 'rampe': True} {'reference': {'temps': 1.9711339129135013, 'ok': True, 'evaluations': [879, 879, 879]}, 'candidat': {'temps': 0.6113194301724434, 'ok': True, 'evaluations': [334, 334, 334]}}
7 {'famille': 'poutre', 'formulation': 'milieu', 'n': 20, 'angle': 0.0} {'reference': {'temps': 0.014447124907746911, 'ok': True, 'evaluations': [19, 19, 19]}, 'candidat': {'temps': 0.005191811826080084, 'ok': True, 'evaluations': [8, 8, 8]}}
8 {'famille': 'poutre', 'formulation': 'milieu', 'n': 20, 'angle': 30.0} {'reference': {'temps': 0.034324125153943896, 'ok': True, 'evaluations': [42, 42, 42]}, 'candidat': {'temps': 0.023899774998426437, 'ok': True, 'evaluations': [31, 31, 31]}}
9 {'famille': 'poutre', 'formulation': 'milieu', 'n': 20, 'angle': 60.0} {'reference': {'temps': 0.04335892898961902, 'ok': True, 'evaluations': [53, 53, 53]}, 'candidat': {'temps': 0.033482442144304514, 'ok': True, 'evaluations': [43, 43, 43]}}
10 {'famille': 'poutre', 'formulation': 'milieu', 'n': 20, 'angle': 90.0} {'reference': {'temps': 0.04094447894021869, 'ok': True, 'evaluations': [50, 50, 50]}, 'candidat': {'temps': 0.030955187045037746, 'ok': True, 'evaluations': [40, 40, 40]}}
11 {'famille': 'poutre', 'formulation': 'milieu', 'n': 10, 'tourne': True, 'unites': [1.0, 1.0]} {'reference': {'temps': 0.017335358075797558, 'ok': True, 'evaluations': [49, 49, 49]}, 'candidat': {'temps': 0.012429480906575918, 'ok': True, 'evaluations': [38, 38, 38]}}
12 {'famille': 'poutre', 'formulation': 'milieu', 'n': 10, 'tourne': True, 'unites': [0.001, 1.0]} {'reference': {'temps': 0.0488095348700881, 'ok': False, 'evaluations': [111, 111, 111]}, 'candidat': {'temps': 0.07859886204823852, 'ok': False, 'evaluations': [197, 197, 197]}}
13 {'famille': 'poutre', 'formulation': 'milieu', 'n': 10, 'tourne': True, 'unites': [1000.0, 1.0]} {'reference': {'temps': 0.017434957902878523, 'ok': True, 'evaluations': [49, 49, 49]}, 'candidat': {'temps': 0.012866484001278877, 'ok': True, 'evaluations': [39, 39, 39]}}
14 {'famille': 'poutre', 'formulation': 'milieu', 'n': 10, 'tourne': True, 'unites': [1.0, 0.001]} {'reference': {'temps': 0.01735561713576317, 'ok': True, 'evaluations': [49, 49, 49]}, 'candidat': {'temps': 0.012432827847078443, 'ok': True, 'evaluations': [38, 38, 38]}}
15 {'famille': 'poutre', 'formulation': 'milieu', 'n': 10, 'tourne': True, 'unites': [1.0, 1000.0]} {'reference': {'temps': 0.01744231185875833, 'ok': True, 'evaluations': [49, 49, 49]}, 'candidat': {'temps': 0.01251293090172112, 'ok': True, 'evaluations': [38, 38, 38]}}
16 {'famille': 'poutre', 'formulation': 'milieu', 'n': 8, 'moment': True, 'tourne': False} {'reference': {'temps': 0.015265656169503927, 'ok': True, 'evaluations': [60, 60, 60]}, 'candidat': {'temps': 0.014935656916350126, 'ok': True, 'evaluations': [63, 63, 63]}}
17 {'famille': 'poutre', 'formulation': 'milieu', 'n': 8, 'moment': True, 'tourne': True} {'reference': {'temps': 0.017430050065740943, 'ok': True, 'evaluations': [63, 63, 63]}, 'candidat': {'temps': 0.017147891921922565, 'ok': True, 'evaluations': [66, 66, 66]}}
18 {'famille': 'poutre', 'formulation': 'integree', 'n': 8, 'rampe': False} {'reference': {'temps': 0.014104041969403625, 'ok': True, 'evaluations': [45, 45, 45]}, 'candidat': {'temps': 0.009739215951412916, 'ok': True, 'evaluations': [34, 34, 34]}}
19 {'famille': 'poutre', 'formulation': 'integree', 'n': 8, 'rampe': True} {'reference': {'temps': 0.283283008961007, 'ok': True, 'evaluations': [879, 879, 879]}, 'candidat': {'temps': 0.08597718505188823, 'ok': True, 'evaluations': [334, 334, 334]}}
20 {'famille': 'poutre', 'formulation': 'integree', 'n': 20, 'rampe': False} {'reference': {'temps': 0.04095593583770096, 'ok': True, 'evaluations': [45, 45, 45]}, 'candidat': {'temps': 0.029845776967704296, 'ok': True, 'evaluations': [35, 35, 35]}}
21 {'famille': 'poutre', 'formulation': 'integree', 'n': 20, 'rampe': True} {'reference': {'temps': 0.8094094828702509, 'ok': True, 'evaluations': [879, 879, 879]}, 'candidat': {'temps': 0.25377181312069297, 'ok': True, 'evaluations': [334, 334, 334]}}
22 {'famille': 'poutre', 'formulation': 'integree', 'n': 60, 'rampe': False} {'reference': {'temps': 0.11485806992277503, 'ok': True, 'evaluations': [47, 47, 47]}, 'candidat': {'temps': 0.08197094709612429, 'ok': True, 'evaluations': [36, 36, 36]}}
23 {'famille': 'poutre', 'formulation': 'integree', 'n': 60, 'rampe': True} {'reference': {'temps': 2.2431552060879767, 'ok': True, 'evaluations': [879, 879, 879]}, 'candidat': {'temps': 0.6821341209579259, 'ok': True, 'evaluations': [334, 334, 334]}}
24 {'famille': 'poutre', 'formulation': 'integree', 'n': 20, 'angle': 0.0} {'reference': {'temps': 0.016129164025187492, 'ok': True, 'evaluations': [19, 19, 19]}, 'candidat': {'temps': 0.0057853038888424635, 'ok': True, 'evaluations': [8, 8, 8]}}
25 {'famille': 'poutre', 'formulation': 'integree', 'n': 20, 'angle': 30.0} {'reference': {'temps': 0.03706948598846793, 'ok': True, 'evaluations': [41, 41, 41]}, 'candidat': {'temps': 0.025446508079767227, 'ok': True, 'evaluations': [30, 30, 30]}}
26 {'famille': 'poutre', 'formulation': 'integree', 'n': 20, 'angle': 60.0} {'reference': {'temps': 0.044289252953603864, 'ok': True, 'evaluations': [49, 49, 49]}, 'candidat': {'temps': 0.03257315815426409, 'ok': True, 'evaluations': [38, 38, 38]}}
27 {'famille': 'poutre', 'formulation': 'integree', 'n': 20, 'angle': 90.0} {'reference': {'temps': 0.045106520876288414, 'ok': True, 'evaluations': [50, 50, 50]}, 'candidat': {'temps': 0.03332782699726522, 'ok': True, 'evaluations': [39, 39, 39]}}
28 {'famille': 'poutre', 'formulation': 'integree', 'n': 10, 'tourne': True, 'unites': [1.0, 1.0]} {'reference': {'temps': 0.01787728606723249, 'ok': True, 'evaluations': [45, 45, 45]}, 'candidat': {'temps': 0.012491323053836823, 'ok': True, 'evaluations': [34, 34, 34]}}
29 {'famille': 'poutre', 'formulation': 'integree', 'n': 10, 'tourne': True, 'unites': [0.001, 1.0]} {'reference': {'temps': 0.05587370996363461, 'ok': False, 'evaluations': [111, 111, 111]}, 'candidat': {'temps': 0.0899106280412525, 'ok': False, 'evaluations': [200, 200, 200]}}
30 {'famille': 'poutre', 'formulation': 'integree', 'n': 10, 'tourne': True, 'unites': [1000.0, 1.0]} {'reference': {'temps': 0.017991102999076247, 'ok': True, 'evaluations': [45, 45, 45]}, 'candidat': {'temps': 0.012481503887102008, 'ok': True, 'evaluations': [34, 34, 34]}}
31 {'famille': 'poutre', 'formulation': 'integree', 'n': 10, 'tourne': True, 'unites': [1.0, 0.001]} {'reference': {'temps': 0.01793260220438242, 'ok': True, 'evaluations': [45, 45, 45]}, 'candidat': {'temps': 0.012482356047257781, 'ok': True, 'evaluations': [34, 34, 34]}}
32 {'famille': 'poutre', 'formulation': 'integree', 'n': 10, 'tourne': True, 'unites': [1.0, 1000.0]} {'reference': {'temps': 0.018051398219540715, 'ok': True, 'evaluations': [45, 45, 45]}, 'candidat': {'temps': 0.012557348934933543, 'ok': True, 'evaluations': [34, 34, 34]}}
33 {'famille': 'poutre', 'formulation': 'integree', 'n': 8, 'moment': True, 'tourne': False} {'reference': {'temps': 0.018033744068816304, 'ok': True, 'evaluations': [62, 62, 62]}, 'candidat': {'temps': 0.017721479991450906, 'ok': True, 'evaluations': [65, 65, 65]}}
34 {'famille': 'poutre', 'formulation': 'integree', 'n': 8, 'moment': True, 'tourne': True} {'reference': {'temps': 0.019362477120012045, 'ok': True, 'evaluations': [62, 62, 62]}, 'candidat': {'temps': 0.019107962027192116, 'ok': True, 'evaluations': [65, 65, 65]}}
35 {'famille': 'cable', 'n': 40} {'reference': {'temps': 0.0037465400528162718, 'ok': True, 'evaluations': [8, 8, 8]}, 'candidat': {'temps': 0.0037288658786565065, 'ok': True, 'evaluations': [8, 8, 8]}}
36 {'famille': 'cable', 'n': 52} {'reference': {'temps': 0.004616336897015572, 'ok': True, 'evaluations': [8, 8, 8]}, 'candidat': {'temps': 0.004664038075134158, 'ok': True, 'evaluations': [8, 8, 8]}}
37 {'famille': 'cable', 'n': 54} {'reference': {'temps': 0.004862456116825342, 'ok': True, 'evaluations': [8, 8, 8]}, 'candidat': {'temps': 0.004881001077592373, 'ok': True, 'evaluations': [8, 8, 8]}}
38 {'famille': 'cable', 'n': 60} {'reference': {'temps': 0.005341198993846774, 'ok': True, 'evaluations': [8, 8, 8]}, 'candidat': {'temps': 0.0054393550381064415, 'ok': True, 'evaluations': [8, 8, 8]}}
39 {'famille': 'cable', 'n': 80} {'reference': {'temps': 0.007394040003418922, 'ok': True, 'evaluations': [8, 8, 8]}, 'candidat': {'temps': 0.007472218945622444, 'ok': True, 'evaluations': [8, 8, 8]}}
40 {'famille': 'cable', 'n': 120} {'reference': {'temps': 0.011086375918239355, 'ok': True, 'evaluations': [8, 8, 8]}, 'candidat': {'temps': 0.011173342121765018, 'ok': True, 'evaluations': [8, 8, 8]}}
41 {'famille': 'cascade', 'n': 1, 'tourne': False} {'reference': {'temps': 0.0005148919299244881, 'ok': True, 'evaluations': [4, 4, 4]}, 'candidat': {'temps': 0.0005231169052422047, 'ok': True, 'evaluations': [4, 4, 4]}}
42 {'famille': 'cascade', 'n': 1, 'tourne': True} {'reference': {'temps': 0.0005699358880519867, 'ok': True, 'evaluations': [4, 4, 4]}, 'candidat': {'temps': 0.0005680620670318604, 'ok': True, 'evaluations': [4, 4, 4]}}
43 {'famille': 'cascade', 'n': 4, 'tourne': False} {'reference': {'temps': 0.0094593761023134, 'ok': True, 'evaluations': [5, 5, 5]}, 'candidat': {'temps': 0.00951914000324905, 'ok': True, 'evaluations': [5, 5, 5]}}
44 {'famille': 'cascade', 'n': 4, 'tourne': True} {'reference': {'temps': 0.00694451411254704, 'ok': True, 'evaluations': [6, 6, 6]}, 'candidat': {'temps': 0.0059228569734841585, 'ok': True, 'evaluations': [5, 5, 5]}}
45 {'famille': 'cascade', 'n': 16, 'tourne': False} {'reference': {'temps': 0.011033044895157218, 'ok': True, 'evaluations': [6, 6, 6]}, 'candidat': {'temps': 0.011165927862748504, 'ok': True, 'evaluations': [6, 6, 6]}}
46 {'famille': 'cascade', 'n': 16, 'tourne': True} {'reference': {'temps': 0.09094514208845794, 'ok': True, 'evaluations': [7, 7, 7]}, 'candidat': {'temps': 0.08271849504671991, 'ok': True, 'evaluations': [6, 6, 6]}}
47 {'famille': 'cascade', 'n': 32, 'tourne': False} {'reference': {'temps': 0.035415951162576675, 'ok': True, 'evaluations': [9, 9, 9]}, 'candidat': {'temps': 0.03035471704788506, 'ok': True, 'evaluations': [8, 8, 8]}}
48 {'famille': 'cascade', 'n': 32, 'tourne': True} {'reference': {'temps': 0.5561218929942697, 'ok': True, 'evaluations': [10, 10, 10]}, 'candidat': {'temps': 0.4859822450671345, 'ok': True, 'evaluations': [8, 8, 8]}}
49 {'famille': 'contact', 'n': 1} {'reference': {'temps': 6.725895218551159e-05, 'ok': True, 'evaluations': [5, 5, 5]}, 'candidat': {'temps': 6.762892007827759e-05, 'ok': True, 'evaluations': [5, 5, 5]}}
50 {'famille': 'contact', 'n': 32} {'reference': {'temps': 0.0015116098802536726, 'ok': True, 'evaluations': [5, 5, 5]}, 'candidat': {'temps': 0.0015093160327523947, 'ok': True, 'evaluations': [5, 5, 5]}}
51 {'famille': 'sans_equilibre', 'n': 1} {'reference': {'temps': 0.0003438647836446762, 'ok': True, 'evaluations': [111, 111, 111]}, 'candidat': {'temps': 0.00034914491698145866, 'ok': True, 'evaluations': [111, 111, 111]}}
Cas candidats hors critères : 2 / 51
