
══ format et lint
   Compiling pyo3-ffi v0.29.2
   Compiling pyo3 v0.29.2
    Checking vinkulum v0.7.2 (/root/vinkulum)
    Finished `release` profile [optimized] target(s) in 4.49s

══ tests du noyau

running 66 tests
..................................................................
test result: ok. 66 passed; 0 failed; 0 ignored; 0 measured; 0 filtered out; finished in 0.05s


running 0 tests

test result: ok. 0 passed; 0 failed; 0 ignored; 0 measured; 0 filtered out; finished in 0.00s


══ roue → /root/vinkulum/.venv314/bin/python
🍹 Building a mixed python/rust project
🐍 Found CPython 3.14 at /root/vinkulum/.venv314/bin/python
🔗 Found pyo3 bindings
📡 Using build options features from pyproject.toml
Using Python 3.14.7 environment at: .venv314
Checked 4 packages in 1ms
   Compiling pyo3-ffi v0.29.2
   Compiling pyo3 v0.29.2
   Compiling vinkulum v0.7.2 (/root/vinkulum)
    Finished `release` profile [optimized] target(s) in 18.65s
📦 Built wheel for CPython 3.14 to /tmp/.tmpRY3SAY/vinkulum-0.7.2-cp314-cp314-linux_x86_64.whl
✏️ Setting installed package as editable
🛠 Installed vinkulum-0.7.2

══ contrôles rapides (campagne parallèle)
╔═ vérification : 41 cas, 8 processus, 8 CPU au total
║ journaux : /tmp/vinkulum-campagne-582y0d4n
║ durées sous concurrence ; JOBS=1 pour mesurer des cas isolés
║ OK    robustesse — 0.37 s
║ OK    validation_scores — 0.37 s
║ OK    assemblage — 0.42 s
║ OK    convergence — 0.47 s
║ OK    amortissement — 0.52 s
║ OK    superelement — 0.37 s
║ OK    toupie — 0.82 s
║ OK    bennett — 0.42 s
║ OK    vis_ecrou — 0.52 s
║ OK    liaisons_unilaterales — 0.82 s
║ OK    determinisme — 1.42 s
║ OK    six_barres — 0.77 s
║ OK    invariance_unites — 0.57 s
║ OK    srscm — 2.42 s
║ OK    lateral_buckling — 2.68 s
║ OK    modeles_mal_poses — 0.37 s
║ OK    _regressions — 3.93 s
║ OK    quatre_barres_flexible — 2.47 s
║ OK    non_holonome — 0.37 s
║ OK    coulomb_pente — 0.52 s
║ OK    treillis_de_boucles — 2.52 s
║ OK    lecteurs_casses — 0.37 s
║ OK    gyroscopique_tangent — 0.37 s
║ OK    sparsite — 0.47 s
║ OK    audit_jacobien — 0.37 s
║ OK    trim.demo — 0.17 s
║ OK    invariances — 1.77 s
║ OK    reduction.demo — 0.27 s
║ OK    arbre_tournant — 4.38 s
║ OK    accords — 1.57 s
║ OK    floquet.demo — 0.82 s
║ ECHEC urdf.demo — 0.67 s
code de sortie 1
╔═ vinkulum — URDF : lire un modèle qu'on n'a pas écrit
║ kuka_iiwa.urdf    8 corps ·  7 liaisons ·  17.500 kg · |Φ| 4e-21 → 2e-16 après 200 pas
║     types de liaison : revolute · 7 butee(s) d'articulation posee(s)
║     simplification : lbr_iiwa_link_0 : sans inertie dans l'URDF — masse 1e-09 kg imposée
║ r2d2.urdf        16 corps · 15 liaisons ·  65.250 kg · |Φ| 6e-17 → 2e-28 après 200 pas
║     types de liaison : continuous, fixed, prismatic, revolute · 2 butee(s) d'articulation posee(s)
║     simplification : gripper_extension : <limit> ignore — le noyau n'a pas de butee en FORCE, seulement en couple
║ butees : le KUKA lache 3 s sous gravite s'ecarte de 0.437 m selon qu'elles sont posees ou non
Traceback (most recent call last):
  File "/root/vinkulum/python/vinkulum/_campagnes.py", line 198, in <module>
    _worker()
    ~~~~~~~^^
  File "/root/vinkulum/python/vinkulum/_campagnes.py", line 189, in _worker
    valeur = _appel(t)
  File "/root/vinkulum/python/vinkulum/_campagnes.py", line 33, in _appel
    return fonction(*t['args'], **t['kwargs'])
  File "/root/vinkulum/python/vinkulum/urdf.py", line 396, in demo
    nl.simule(0.05, 1e-3, tous=10 ** 9)
    ~~~~~~~~~^^^^^^^^^^^^^^^^^^^^^^^^^^
RuntimeError: initialisation : équilibre ou accélérations de contraintes incompatibles avec le rang numérique

║ OK    campagne.demo — 0.42 s
║ OK    domaines.demo — 0.62 s
║ OK    mjcf.demo — 0.82 s
║ OK    convergence.demo — 1.62 s
║ OK    adjoint_temps.demo — 4.48 s
║ OK    statique — 15.35 s
║ OK    kapitza — 19.11 s
║ OK    echelle — 1.47 s
║ OK    refus_gardes — 0.37 s
Traceback (most recent call last):
  File "<frozen runpy>", line 203, in _run_module_as_main
  File "<frozen runpy>", line 88, in _run_code
  File "/root/vinkulum/python/vinkulum/verification.py", line 3161, in <module>
    main()
    ~~~~^^
  File "/root/vinkulum/python/vinkulum/verification.py", line 468, in main
    executer(_taches(), 'vérification')
    ~~~~~~~~^^^^^^^^^^^^^^^^^^^^^^^^^^^
  File "/root/vinkulum/python/vinkulum/_campagnes.py", line 179, in executer
    raise RuntimeError(f"{titre} : {len(echecs)} échec(s) : {', '.join(echecs)} ; journaux {dossier}")
RuntimeError: vérification : 1 échec(s) : urdf.demo ; journaux /tmp/vinkulum-campagne-582y0d4n
