cascade 1 avant 0 0.0005545290187001228 None
cascade 1 apres 0 0.0005498391110450029 None
cascade 4 avant 0 0.040175928035750985 None
cascade 4 apres 0 0.040486039128154516 None
parallelogrammes 1 avant 0 0.0005636061541736126 None
parallelogrammes 1 apres 0 0.0005305428057909012 None
parallelogrammes 8 avant 0 0.05745600117370486 None
parallelogrammes 8 apres 0 0.05729704909026623 None
double 64 avant 0 0.007161538815125823 None
double 64 apres 0 0.006833914900198579 None
mixte 64 avant 0 0.007356512127444148 None
mixte 64 apres 0 0.007025590864941478 None
articulee 128 avant 0 0.011061884928494692 None
articulee 128 apres 0 0.010390633950009942 None
spatiale 128 avant 0 0.002486557001248002 None
spatiale 128 apres 0 0.002600623993203044 None
chaine 128 avant 0 0.0009147969540208578 None
chaine 128 apres 0 0.0009328210726380348 None
rotors 128 avant 0 0.0021315289195626974 None
rotors 128 apres 0 0.0019612240139395 None
boucle 512 avant 0 0.004435115959495306 None
boucle 512 apres 0 0.004478418035432696 None
princeton_milieu 10 avant 0 0.019055122043937445 None
princeton_milieu 10 apres 0 0.016486108070239425 None
princeton_integree 10 avant 0 0.02059098402969539 None
princeton_integree 10 apres 0 0.017836415907368064 None
cascade 8 avant 0 0.07074507791548967 None
cascade 8 apres 0 0.06963022006675601 None
cascade 16 avant 0 0.251296702073887 None
cascade 16 apres 0 0.2491490230895579 None
cascade 32 avant 0 2.041854680981487 None
cascade 32 apres 0 2.043710344005376 None
parallelogrammes 16 avant 0 0.15689035085961223 None
parallelogrammes 16 apres 0 0.15632564295083284 None
parallelogrammes 32 avant 0 0.8002599391620606 None
parallelogrammes 32 apres 0 0.8028929738793522 None
cascade 1 apres 1 0.0005294200964272022 None
cascade 1 avant 1 0.0005357631016522646 None
cascade 4 apres 1 0.04004455590620637 None
cascade 4 avant 1 0.04003328504040837 None
parallelogrammes 1 apres 1 0.0005267749074846506 None
parallelogrammes 1 avant 1 0.00052827806212008 None
parallelogrammes 8 apres 1 0.057147152023389935 None
parallelogrammes 8 avant 1 0.05763036501593888 None
double 64 apres 1 0.006837090943008661 None
double 64 avant 1 0.007170848082751036 None
mixte 64 apres 1 0.007071607979014516 None
mixte 64 avant 1 0.007330973166972399 None
articulee 128 apres 1 0.010395813034847379 None
articulee 128 avant 1 0.011132330168038607 None
spatiale 128 apres 1 0.0025851340033113956 None
spatiale 128 avant 1 0.002574003068730235 None
chaine 128 apres 1 0.0009384220466017723 None
chaine 128 avant 1 0.0009031938388943672 None
rotors 128 apres 1 0.0019638880621641874 None
rotors 128 avant 1 0.0021583489142358303 None
boucle 512 apres 1 0.0044993378687649965 None
boucle 512 avant 1 0.004431829089298844 None
princeton_milieu 10 apres 1 0.016357482876628637 None
princeton_milieu 10 avant 1 0.019008863950148225 None
princeton_integree 10 apres 1 0.017527155112475157 None
princeton_integree 10 avant 1 0.02027768618427217 None
cascade 8 apres 1 0.06971998093649745 None
cascade 8 avant 1 0.0699441081378609 None
cascade 16 apres 1 0.24957488593645394 None
cascade 16 avant 1 0.2517629729118198 None
cascade 32 apres 1 2.037596597103402 None
cascade 32 avant 1 2.040443822974339 None
parallelogrammes 16 apres 1 0.15648321388289332 None
parallelogrammes 16 avant 1 0.15705924411304295 None
parallelogrammes 32 apres 1 0.805665697902441 None
parallelogrammes 32 avant 1 0.803239077096805 None
cascade 1 avant 2 0.000520734116435051 None
cascade 1 apres 2 0.0005377959460020065 None
cascade 4 avant 2 0.04010789794847369 None
cascade 4 apres 2 0.040139107033610344 None
parallelogrammes 1 avant 2 0.0005360331851989031 None
parallelogrammes 1 apres 2 0.0005222370382398367 None
parallelogrammes 8 avant 2 0.057864591013640165 None
parallelogrammes 8 apres 2 0.057077799923717976 None
double 64 avant 2 0.007160597946494818 None
double 64 apres 2 0.006878599990159273 None
mixte 64 avant 2 0.007395255845040083 None
mixte 64 apres 2 0.0070855747908353806 None
articulee 128 avant 2 0.010946054011583328 None
articulee 128 apres 2 0.010402776999399066 None
spatiale 128 avant 2 0.0025004330091178417 None
spatiale 128 apres 2 0.002515111118555069 None
chaine 128 avant 2 0.0009099268354475498 None
chaine 128 apres 2 0.0009351950138807297 None
rotors 128 avant 2 0.002140236087143421 None
rotors 128 apres 2 0.001964881084859371 None
boucle 512 avant 2 0.004397342912852764 None
boucle 512 apres 2 0.0044940682128071785 None
princeton_milieu 10 avant 2 0.019213395193219185 None
princeton_milieu 10 apres 2 0.016492761205881834 None
princeton_integree 10 avant 2 0.020426630042493343 None
princeton_integree 10 apres 2 0.017624621046707034 None
cascade 8 avant 2 0.07028078101575375 None
cascade 8 apres 2 0.06991706695407629 None
cascade 16 avant 2 0.2525396659038961 None
cascade 16 apres 2 0.2503768680617213 None
cascade 32 avant 2 2.043537139892578 None
cascade 32 apres 2 2.0400199468713254 None
parallelogrammes 16 avant 2 0.15659000794403255 None
parallelogrammes 16 apres 2 0.1564074291381985 None
parallelogrammes 32 avant 2 0.8000090119894594 None
parallelogrammes 32 apres 2 0.8069973918609321 None
