cascade 1 avant 0 0.0005791259463876486 None
cascade 1 apres 0 0.0005498600658029318 None
cascade 4 avant 0 0.04064486990682781 None
cascade 4 apres 0 0.040661941980943084 None
parallelogrammes 1 avant 0 0.0005665919743478298 None
parallelogrammes 1 apres 0 0.0005213350523263216 None
parallelogrammes 8 avant 0 0.057921565836295485 None
parallelogrammes 8 apres 0 0.05747696687467396 None
double 64 avant 0 0.0073174170684069395 None
double 64 apres 0 0.006811652099713683 None
mixte 64 avant 0 0.007344369078055024 None
mixte 64 apres 0 0.007052781991660595 None
articulee 128 avant 0 0.011101049138233066 None
articulee 128 apres 0 0.010338282911106944 None
spatiale 128 avant 0 0.0025655871722847223 None
spatiale 128 apres 0 0.0024443648289889097 None
chaine 128 avant 0 0.0009124309290200472 None
chaine 128 apres 0 0.0009219299536198378 None
rotors 128 avant 0 0.0021562951151281595 None
rotors 128 apres 0 0.0019122601952403784 None
boucle 512 avant 0 0.0044074831530451775 None
boucle 512 apres 0 0.0044318989384919405 None
princeton_milieu 10 avant 0 0.019118521828204393 None
princeton_milieu 10 apres 0 0.016347291879355907 None
princeton_integree 10 avant 0 0.020424103131517768 None
princeton_integree 10 apres 0 0.017654536990448833 None
cascade 8 avant 0 0.07043951796367764 None
cascade 8 apres 0 0.07041314896196127 None
cascade 16 avant 0 0.2527523620519787 None
cascade 16 apres 0 0.24945881497114897 None
cascade 32 avant 0 2.040012497920543 None
cascade 32 apres 0 2.0337601348292083 None
parallelogrammes 16 avant 0 0.1568431791383773 None
parallelogrammes 16 apres 0 0.1563381750602275 None
parallelogrammes 32 avant 0 0.8041654408443719 None
parallelogrammes 32 apres 0 0.8044951611664146 None
cascade 1 apres 1 0.0005122178699821234 None
cascade 1 avant 1 0.0005292599089443684 None
cascade 4 apres 1 0.04048460302874446 None
cascade 4 avant 1 0.040614631958305836 None
parallelogrammes 1 apres 1 0.0005092620849609375 None
parallelogrammes 1 avant 1 0.0005386690609157085 None
parallelogrammes 8 apres 1 0.05747912102378905 None
parallelogrammes 8 avant 1 0.05765327299013734 None
double 64 apres 1 0.006832581013441086 None
double 64 avant 1 0.007116903783753514 None
mixte 64 apres 1 0.0070159221068024635 None
mixte 64 avant 1 0.007336874026805162 None
articulee 128 apres 1 0.010452379938215017 None
articulee 128 avant 1 0.011038579046726227 None
spatiale 128 apres 1 0.00251252599991858 None
spatiale 128 avant 1 0.0025140291545540094 None
chaine 128 apres 1 0.0009324699640274048 None
chaine 128 avant 1 0.0009080132003873587 None
rotors 128 apres 1 0.0019541699439287186 None
rotors 128 avant 1 0.0021407660096883774 None
boucle 512 apres 1 0.004482876043766737 None
boucle 512 avant 1 0.004406341118738055 None
princeton_milieu 10 apres 1 0.016365247080102563 None
princeton_milieu 10 avant 1 0.019133620895445347 None
princeton_integree 10 apres 1 0.017712126951664686 None
princeton_integree 10 avant 1 0.020358568988740444 None
cascade 8 apres 1 0.07031036308035254 None
cascade 8 avant 1 0.07016566605307162 None
cascade 16 apres 1 0.24961927207186818 None
cascade 16 avant 1 0.25157705903984606 None
cascade 32 apres 1 2.036348121939227 None
cascade 32 avant 1 2.0513232070952654 None
parallelogrammes 16 apres 1 0.15565934986807406 None
parallelogrammes 16 avant 1 0.15733789396472275 None
parallelogrammes 32 apres 1 0.804343334864825 None
parallelogrammes 32 avant 1 0.8036225191317499 None
cascade 1 avant 2 0.0005264538340270519 None
cascade 1 apres 2 0.0005248910747468472 None
cascade 4 avant 2 0.04056881507858634 None
cascade 4 apres 2 0.04057641909457743 None
parallelogrammes 1 avant 2 0.0005421950481832027 None
parallelogrammes 1 apres 2 0.0005158649291843176 None
parallelogrammes 8 avant 2 0.05765027808956802 None
parallelogrammes 8 apres 2 0.05816971999593079 None
double 64 avant 2 0.007134187035262585 None
double 64 apres 2 0.006864452036097646 None
mixte 64 avant 2 0.007353965891525149 None
mixte 64 apres 2 0.007068381179124117 None
articulee 128 avant 2 0.011098574148491025 None
articulee 128 apres 2 0.010409547947347164 None
spatiale 128 avant 2 0.0025472219567745924 None
spatiale 128 apres 2 0.0026082980912178755 None
chaine 128 avant 2 0.0009116600267589092 None
chaine 128 apres 2 0.0009352348279207945 None
rotors 128 avant 2 0.0021558040753006935 None
rotors 128 apres 2 0.001976252067834139 None
boucle 512 avant 2 0.004464361118152738 None
boucle 512 apres 2 0.004443370969966054 None
princeton_milieu 10 avant 2 0.019149791914969683 None
princeton_milieu 10 apres 2 0.016333095962181687 None
princeton_integree 10 avant 2 0.020271643064916134 None
princeton_integree 10 apres 2 0.01766328397206962 None
cascade 8 avant 2 0.07020810712128878 None
cascade 8 apres 2 0.07025287300348282 None
cascade 16 avant 2 0.25017044483684003 None
cascade 16 apres 2 0.24860179098322988 None
cascade 32 avant 2 2.050163410138339 None
cascade 32 apres 2 2.0325519659090787 None
parallelogrammes 16 avant 2 0.1560152298770845 None
parallelogrammes 16 apres 2 0.15634098090231419 None
parallelogrammes 32 avant 2 0.807952577015385 None
parallelogrammes 32 apres 2 0.8063854859210551 None
