
══ format et lint
   Compiling pyo3-ffi v0.29.2
   Compiling pyo3 v0.29.2
    Checking vinkulum v0.6.2 (/root/vinkulum)
    Finished `release` profile [optimized] target(s) in 4.34s

══ tests du noyau

running 52 tests
....................................................
test result: ok. 52 passed; 0 failed; 0 ignored; 0 measured; 0 filtered out; finished in 0.05s


running 0 tests

test result: ok. 0 passed; 0 failed; 0 ignored; 0 measured; 0 filtered out; finished in 0.00s


══ roue → /root/vinkulum/.venv314/bin/python
🍹 Building a mixed python/rust project
🐍 Found CPython 3.14 at /root/vinkulum/.venv314/bin/python
🔗 Found pyo3 bindings
📡 Using build options features from pyproject.toml
Using Python 3.14.7 environment at: .venv314
Checked 4 packages in 1ms
   Compiling pyo3-ffi v0.29.2
   Compiling pyo3 v0.29.2
   Compiling vinkulum v0.6.2 (/root/vinkulum)
    Finished `release` profile [optimized] target(s) in 18.16s
📦 Built wheel for CPython 3.14 to /tmp/.tmpJMOLnZ/vinkulum-0.6.2-cp314-cp314-linux_x86_64.whl
✏️ Setting installed package as editable
🛠 Installed vinkulum-0.6.2

══ contrôles rapides (campagne parallèle)
╔═ vérification : 41 cas, 8 processus, 8 CPU au total
║ journaux : /tmp/vinkulum-campagne-9jawui3m
║ durées sous concurrence ; JOBS=1 pour mesurer des cas isolés
║ OK    robustesse — 0.37 s
║ OK    validation_scores — 0.42 s
║ OK    assemblage — 0.42 s
║ OK    convergence — 0.47 s
║ OK    amortissement — 0.52 s
║ OK    superelement — 0.42 s
║ OK    toupie — 0.87 s
║ OK    bennett — 0.42 s
║ OK    vis_ecrou — 0.52 s
║ OK    liaisons_unilaterales — 0.82 s
║ OK    determinisme — 1.47 s
║ OK    six_barres — 0.77 s
║ OK    invariance_unites — 0.57 s
║ OK    srscm — 2.37 s
║ OK    lateral_buckling — 2.62 s
║ OK    _regressions — 3.82 s
║ OK    modeles_mal_poses — 0.37 s
║ OK    quatre_barres_flexible — 2.47 s
║ OK    non_holonome — 0.42 s
║ OK    coulomb_pente — 0.57 s
║ OK    treillis_de_boucles — 2.48 s
║ OK    lecteurs_casses — 0.37 s
║ OK    gyroscopique_tangent — 0.37 s
║ OK    sparsite — 0.47 s
║ OK    audit_jacobien — 0.37 s
║ OK    trim.demo — 0.16 s
║ OK    invariances — 1.82 s
║ OK    reduction.demo — 0.26 s
║ OK    arbre_tournant — 4.43 s
║ OK    accords — 1.63 s
║ OK    floquet.demo — 0.92 s
║ OK    campagne.demo — 0.41 s
║ OK    urdf.demo — 1.07 s
║ OK    domaines.demo — 0.62 s
║ OK    mjcf.demo — 0.92 s
║ OK    convergence.demo — 1.73 s
║ OK    adjoint_temps.demo — 4.79 s
║ OK    statique — 18.83 s
║ OK    kapitza — 22.04 s
║ OK    echelle — 1.47 s
║ OK    refus_gardes — 0.37 s
╚ vérification OK — 41/41 cas, 24.40 s

══ la référence d'API est-elle à jour
╚═ référence d'API à jour (185 entrées)

══ bancs rapide
╔═ bancs : 46 cas, 8 processus, 8 CPU au total
║ journaux : /tmp/vinkulum-campagne-34zjyzma
║ durées sous concurrence ; JOBS=1 pour mesurer des cas isolés
║ OK    engrenage — 0.37 s
║ OK    pendule — 0.42 s
║ OK    bielle — 0.47 s
║ OK    double_pendule — 0.52 s
║ OK    quatre_barres — 0.62 s
║ OK    reduction.demo — 0.27 s
║ OK    contact.capsules — 0.11 s
║ OK    poutre — 0.82 s
║ OK    rotor.demo — 0.92 s
║ OK    contact.boites — 0.11 s
║ OK    toupie — 0.97 s
║ OK    contact.multiples — 0.36 s
║ OK    contact.cylindres — 0.16 s
║ OK    floquet.demo — 0.82 s
║ OK    contact.capsules_primitives — 0.87 s
║ OK    phi_dot — 0.67 s
║ OK    bifurcation — 0.77 s
║ OK    contact.nonlisse — 1.47 s
║ OK    oye — 0.57 s
║ OK    leishman_beddoes — 0.57 s
║ OK    peters_he — 0.37 s
║ OK    ggl_boucles — 2.28 s
║ OK    theodorsen_complet — 2.42 s
║ OK    inflow_carte — 1.87 s
║ OK    pitt_peters — 0.52 s
║ OK    adaptatif — 4.92 s
║ OK    instationnaire — 0.82 s
║ OK    energie_moment — 0.97 s
║ OK    rotation.demo — 7.83 s
║ OK    raideur_gravite — 0.36 s
║ OK    sensibilite.demo — 8.48 s
║ OK    amortis — 0.37 s
║ OK    coque — 0.26 s
║ OK    modes_console — 0.41 s
║ OK    multirythme — 3.42 s
║ OK    dissipation — 5.53 s
║ OK    echelle — 0.47 s
║ OK    pale_elastique — 2.77 s
║ OK    andrews — 4.27 s
║ OK    noether — 10.03 s
║ OK    moment_projete — 17.21 s
║ OK    contact.penalite_ccd — 30.25 s
║ OK    seuils — 109.60 s
║ OK    sillage — 179.18 s
║ OK    contact.maillages — 0.82 s
║ OK    contact.appariement — 0.36 s
╚ bancs OK — 46/46 cas, 189.73 s

══ bancs de contact
╔═ contacts : 9 cas, 8 processus, 8 CPU au total
║ journaux : /tmp/vinkulum-campagne-cd8s48ts
║ durées sous concurrence ; JOBS=1 pour mesurer des cas isolés
║ OK    capsules — 0.17 s
║ OK    cylindres — 0.17 s
║ OK    boites — 0.17 s
║ OK    multiples — 0.37 s
║ OK    capsules_primitives — 0.87 s
║ OK    nonlisse — 1.47 s
║ OK    penalite_ccd — 168.70 s
║ OK    maillages — 0.82 s
║ OK    appariement — 0.57 s
╚ contacts OK — 9/9 cas, 170.10 s

╚ CI locale OK
