1 {'famille': 'poutre', 'formulation': 'milieu', 'n': 8, 'rampe': False} {'reference': {'temps': 0.010020795976743102, 'ok': True, 'evaluations': [39, 39, 39]}, 'candidat': {'temps': 0.003942741081118584, 'ok': True, 'evaluations': [39, 39, 39]}}
2 {'famille': 'poutre', 'formulation': 'milieu', 'n': 8, 'rampe': True} {'reference': {'temps': 0.0757406740449369, 'ok': True, 'evaluations': [334, 334, 334]}, 'candidat': {'temps': 0.031177924945950508, 'ok': True, 'evaluations': [334, 334, 334]}}
3 {'famille': 'poutre', 'formulation': 'milieu', 'n': 20, 'rampe': False} {'reference': {'temps': 0.028528430964797735, 'ok': True, 'evaluations': [37, 37, 37]}, 'candidat': {'temps': 0.01413245894946158, 'ok': True, 'evaluations': [37, 37, 37]}}
4 {'famille': 'poutre', 'formulation': 'milieu', 'n': 20, 'rampe': True} {'reference': {'temps': 0.22883504908531904, 'ok': True, 'evaluations': [334, 334, 334]}, 'candidat': {'temps': 0.11565995402634144, 'ok': True, 'evaluations': [334, 334, 334]}}
5 {'famille': 'poutre', 'formulation': 'milieu', 'n': 60, 'rampe': False} {'reference': {'temps': 0.07396364398300648, 'ok': True, 'evaluations': [37, 37, 37]}, 'candidat': {'temps': 0.04068164504133165, 'ok': True, 'evaluations': [37, 37, 37]}}
6 {'famille': 'poutre', 'formulation': 'milieu', 'n': 60, 'rampe': True} {'reference': {'temps': 0.6113766098860651, 'ok': True, 'evaluations': [334, 334, 334]}, 'candidat': {'temps': 0.28049253090284765, 'ok': True, 'evaluations': [334, 334, 334]}}
7 {'famille': 'poutre', 'formulation': 'milieu', 'n': 20, 'angle': 0.0} {'reference': {'temps': 0.005172307137399912, 'ok': True, 'evaluations': [8, 8, 8]}, 'candidat': {'temps': 0.002390800043940544, 'ok': True, 'evaluations': [8, 8, 8]}}
8 {'famille': 'poutre', 'formulation': 'milieu', 'n': 20, 'angle': 30.0} {'reference': {'temps': 0.023789461003616452, 'ok': True, 'evaluations': [31, 31, 31]}, 'candidat': {'temps': 0.011791944038122892, 'ok': True, 'evaluations': [31, 31, 31]}}
9 {'famille': 'poutre', 'formulation': 'milieu', 'n': 20, 'angle': 60.0} {'reference': {'temps': 0.03342928015626967, 'ok': True, 'evaluations': [43, 43, 43]}, 'candidat': {'temps': 0.016581892035901546, 'ok': True, 'evaluations': [43, 43, 43]}}
10 {'famille': 'poutre', 'formulation': 'milieu', 'n': 20, 'angle': 90.0} {'reference': {'temps': 0.030875809025019407, 'ok': True, 'evaluations': [40, 40, 40]}, 'candidat': {'temps': 0.014873723033815622, 'ok': True, 'evaluations': [39, 39, 39]}}
11 {'famille': 'poutre', 'formulation': 'milieu', 'n': 10, 'tourne': True, 'unites': [1.0, 1.0]} {'reference': {'temps': 0.01247990713454783, 'ok': True, 'evaluations': [38, 38, 38]}, 'candidat': {'temps': 0.0050673470832407475, 'ok': True, 'evaluations': [38, 38, 38]}}
12 {'famille': 'poutre', 'formulation': 'milieu', 'n': 10, 'tourne': True, 'unites': [0.001, 1.0]} {'reference': {'temps': 0.07848475896753371, 'ok': False, 'evaluations': [197, 197, 197]}, 'candidat': {'temps': 0.028144428972154856, 'ok': False, 'evaluations': [169, 169, 169]}}
13 {'famille': 'poutre', 'formulation': 'milieu', 'n': 10, 'tourne': True, 'unites': [1000.0, 1.0]} {'reference': {'temps': 0.01292018685489893, 'ok': True, 'evaluations': [39, 39, 39]}, 'candidat': {'temps': 0.005187815986573696, 'ok': True, 'evaluations': [39, 39, 39]}}
14 {'famille': 'poutre', 'formulation': 'milieu', 'n': 10, 'tourne': True, 'unites': [1.0, 0.001]} {'reference': {'temps': 0.012563106138259172, 'ok': True, 'evaluations': [38, 38, 38]}, 'candidat': {'temps': 0.005086883902549744, 'ok': True, 'evaluations': [38, 38, 38]}}
15 {'famille': 'poutre', 'formulation': 'milieu', 'n': 10, 'tourne': True, 'unites': [1.0, 1000.0]} {'reference': {'temps': 0.012683975975960493, 'ok': True, 'evaluations': [38, 38, 38]}, 'candidat': {'temps': 0.00509160291403532, 'ok': True, 'evaluations': [38, 38, 38]}}
16 {'famille': 'poutre', 'formulation': 'milieu', 'n': 8, 'moment': True, 'tourne': False} {'reference': {'temps': 0.015035641845315695, 'ok': True, 'evaluations': [63, 63, 63]}, 'candidat': {'temps': 0.00509631191380322, 'ok': True, 'evaluations': [63, 63, 63]}}
17 {'famille': 'poutre', 'formulation': 'milieu', 'n': 8, 'moment': True, 'tourne': True} {'reference': {'temps': 0.017113354988396168, 'ok': True, 'evaluations': [66, 66, 66]}, 'candidat': {'temps': 0.006532892817631364, 'ok': True, 'evaluations': [64, 64, 64]}}
18 {'famille': 'poutre', 'formulation': 'integree', 'n': 8, 'rampe': False} {'reference': {'temps': 0.009712266968563199, 'ok': True, 'evaluations': [34, 34, 34]}, 'candidat': {'temps': 0.003670732956379652, 'ok': True, 'evaluations': [34, 34, 34]}}
19 {'famille': 'poutre', 'formulation': 'integree', 'n': 8, 'rampe': True} {'reference': {'temps': 0.08638526010327041, 'ok': True, 'evaluations': [334, 334, 334]}, 'candidat': {'temps': 0.03380654891952872, 'ok': True, 'evaluations': [335, 335, 335]}}
20 {'famille': 'poutre', 'formulation': 'integree', 'n': 20, 'rampe': False} {'reference': {'temps': 0.029941686894744635, 'ok': True, 'evaluations': [35, 35, 35]}, 'candidat': {'temps': 0.014244413003325462, 'ok': True, 'evaluations': [35, 35, 35]}}
21 {'famille': 'poutre', 'formulation': 'integree', 'n': 20, 'rampe': True} {'reference': {'temps': 0.25368477310985327, 'ok': True, 'evaluations': [334, 334, 334]}, 'candidat': {'temps': 0.12320796307176352, 'ok': True, 'evaluations': [335, 335, 335]}}
22 {'famille': 'poutre', 'formulation': 'integree', 'n': 60, 'rampe': False} {'reference': {'temps': 0.08199332095682621, 'ok': True, 'evaluations': [36, 36, 36]}, 'candidat': {'temps': 0.033775530057027936, 'ok': True, 'evaluations': [36, 36, 36]}}
23 {'famille': 'poutre', 'formulation': 'integree', 'n': 60, 'rampe': True} {'reference': {'temps': 0.6946919339243323, 'ok': True, 'evaluations': [334, 334, 334]}, 'candidat': {'temps': 0.29530101106502116, 'ok': True, 'evaluations': [335, 335, 335]}}
24 {'famille': 'poutre', 'formulation': 'integree', 'n': 20, 'angle': 0.0} {'reference': {'temps': 0.005795656004920602, 'ok': True, 'evaluations': [8, 8, 8]}, 'candidat': {'temps': 0.0025810429360717535, 'ok': True, 'evaluations': [8, 8, 8]}}
25 {'famille': 'poutre', 'formulation': 'integree', 'n': 20, 'angle': 30.0} {'reference': {'temps': 0.02547806198708713, 'ok': True, 'evaluations': [30, 30, 30]}, 'candidat': {'temps': 0.01205467595718801, 'ok': True, 'evaluations': [30, 30, 30]}}
26 {'famille': 'poutre', 'formulation': 'integree', 'n': 20, 'angle': 60.0} {'reference': {'temps': 0.03277966077439487, 'ok': True, 'evaluations': [38, 38, 38]}, 'candidat': {'temps': 0.015498355031013489, 'ok': True, 'evaluations': [38, 38, 38]}}
27 {'famille': 'poutre', 'formulation': 'integree', 'n': 20, 'angle': 90.0} {'reference': {'temps': 0.03333236603066325, 'ok': True, 'evaluations': [39, 39, 39]}, 'candidat': {'temps': 0.01624912698753178, 'ok': True, 'evaluations': [40, 40, 40]}}
28 {'famille': 'poutre', 'formulation': 'integree', 'n': 10, 'tourne': True, 'unites': [1.0, 1.0]} {'reference': {'temps': 0.012541804928332567, 'ok': True, 'evaluations': [34, 34, 34]}, 'candidat': {'temps': 0.004899295978248119, 'ok': True, 'evaluations': [34, 34, 34]}}
29 {'famille': 'poutre', 'formulation': 'integree', 'n': 10, 'tourne': True, 'unites': [0.001, 1.0]} {'reference': {'temps': 0.09045630600303411, 'ok': False, 'evaluations': [200, 200, 200]}, 'candidat': {'temps': 0.034253002144396305, 'ok': False, 'evaluations': [200, 200, 200]}}
30 {'famille': 'poutre', 'formulation': 'integree', 'n': 10, 'tourne': True, 'unites': [1000.0, 1.0]} {'reference': {'temps': 0.012605246156454086, 'ok': True, 'evaluations': [34, 34, 34]}, 'candidat': {'temps': 0.00492350198328495, 'ok': True, 'evaluations': [34, 34, 34]}}
31 {'famille': 'poutre', 'formulation': 'integree', 'n': 10, 'tourne': True, 'unites': [1.0, 0.001]} {'reference': {'temps': 0.012481659883633256, 'ok': True, 'evaluations': [34, 34, 34]}, 'candidat': {'temps': 0.004884748021140695, 'ok': True, 'evaluations': [34, 34, 34]}}
32 {'famille': 'poutre', 'formulation': 'integree', 'n': 10, 'tourne': True, 'unites': [1.0, 1000.0]} {'reference': {'temps': 0.012573705986142159, 'ok': True, 'evaluations': [34, 34, 34]}, 'candidat': {'temps': 0.004929662914946675, 'ok': True, 'evaluations': [34, 34, 34]}}
33 {'famille': 'poutre', 'formulation': 'integree', 'n': 8, 'moment': True, 'tourne': False} {'reference': {'temps': 0.01779213105328381, 'ok': True, 'evaluations': [65, 65, 65]}, 'candidat': {'temps': 0.005835982970893383, 'ok': True, 'evaluations': [65, 65, 65]}}
34 {'famille': 'poutre', 'formulation': 'integree', 'n': 8, 'moment': True, 'tourne': True} {'reference': {'temps': 0.01918891491368413, 'ok': True, 'evaluations': [65, 65, 65]}, 'candidat': {'temps': 0.00727177201770246, 'ok': True, 'evaluations': [65, 65, 65]}}
35 {'famille': 'cable', 'n': 40} {'reference': {'temps': 0.0037238840013742447, 'ok': True, 'evaluations': [8, 8, 8]}, 'candidat': {'temps': 0.0037032440304756165, 'ok': True, 'evaluations': [8, 8, 8]}}
36 {'famille': 'cable', 'n': 52} {'reference': {'temps': 0.004676912212744355, 'ok': True, 'evaluations': [8, 8, 8]}, 'candidat': {'temps': 0.0046599688939750195, 'ok': True, 'evaluations': [8, 8, 8]}}
37 {'famille': 'cable', 'n': 54} {'reference': {'temps': 0.00487664295360446, 'ok': True, 'evaluations': [8, 8, 8]}, 'candidat': {'temps': 0.004877515137195587, 'ok': True, 'evaluations': [8, 8, 8]}}
38 {'famille': 'cable', 'n': 60} {'reference': {'temps': 0.005437713116407394, 'ok': True, 'evaluations': [8, 8, 8]}, 'candidat': {'temps': 0.005408137105405331, 'ok': True, 'evaluations': [8, 8, 8]}}
39 {'famille': 'cable', 'n': 80} {'reference': {'temps': 0.007430634927004576, 'ok': True, 'evaluations': [8, 8, 8]}, 'candidat': {'temps': 0.007440133020281792, 'ok': True, 'evaluations': [8, 8, 8]}}
40 {'famille': 'cable', 'n': 120} {'reference': {'temps': 0.01116599002853036, 'ok': True, 'evaluations': [8, 8, 8]}, 'candidat': {'temps': 0.011176821077242494, 'ok': True, 'evaluations': [8, 8, 8]}}
41 {'famille': 'cascade', 'n': 1, 'tourne': False} {'reference': {'temps': 0.0005275558214634657, 'ok': True, 'evaluations': [4, 4, 4]}, 'candidat': {'temps': 0.0005204030312597752, 'ok': True, 'evaluations': [4, 4, 4]}}
42 {'famille': 'cascade', 'n': 1, 'tourne': True} {'reference': {'temps': 0.0005767110269516706, 'ok': True, 'evaluations': [4, 4, 4]}, 'candidat': {'temps': 0.0005717198364436626, 'ok': True, 'evaluations': [4, 4, 4]}}
43 {'famille': 'cascade', 'n': 4, 'tourne': False} {'reference': {'temps': 0.009524728870019317, 'ok': True, 'evaluations': [5, 5, 5]}, 'candidat': {'temps': 0.00943242316134274, 'ok': True, 'evaluations': [5, 5, 5]}}
44 {'famille': 'cascade', 'n': 4, 'tourne': True} {'reference': {'temps': 0.005935253109782934, 'ok': True, 'evaluations': [5, 5, 5]}, 'candidat': {'temps': 0.005906407022848725, 'ok': True, 'evaluations': [5, 5, 5]}}
45 {'famille': 'cascade', 'n': 16, 'tourne': False} {'reference': {'temps': 0.01118495687842369, 'ok': True, 'evaluations': [6, 6, 6]}, 'candidat': {'temps': 0.011227258015424013, 'ok': True, 'evaluations': [6, 6, 6]}}
46 {'famille': 'cascade', 'n': 16, 'tourne': True} {'reference': {'temps': 0.08244271902367473, 'ok': True, 'evaluations': [6, 6, 6]}, 'candidat': {'temps': 0.08235560287721455, 'ok': True, 'evaluations': [6, 6, 6]}}
47 {'famille': 'cascade', 'n': 32, 'tourne': False} {'reference': {'temps': 0.030040486017242074, 'ok': True, 'evaluations': [8, 8, 8]}, 'candidat': {'temps': 0.03186727990396321, 'ok': True, 'evaluations': [8, 8, 8]}}
48 {'famille': 'cascade', 'n': 32, 'tourne': True} {'reference': {'temps': 0.48463490698486567, 'ok': True, 'evaluations': [8, 8, 8]}, 'candidat': {'temps': 0.48289664182811975, 'ok': True, 'evaluations': [8, 8, 8]}}
49 {'famille': 'contact', 'n': 1} {'reference': {'temps': 6.847083568572998e-05, 'ok': True, 'evaluations': [5, 5, 5]}, 'candidat': {'temps': 6.849085912108421e-05, 'ok': True, 'evaluations': [5, 5, 5]}}
50 {'famille': 'contact', 'n': 32} {'reference': {'temps': 0.0015121139585971832, 'ok': True, 'evaluations': [5, 5, 5]}, 'candidat': {'temps': 0.0015117030125111341, 'ok': True, 'evaluations': [5, 5, 5]}}
51 {'famille': 'sans_equilibre', 'n': 1} {'reference': {'temps': 0.0003519919700920582, 'ok': True, 'evaluations': [111, 111, 111]}, 'candidat': {'temps': 0.0003471819218248129, 'ok': True, 'evaluations': [111, 111, 111]}}
Cas candidats hors critères : 2 / 51
