
══ format et lint
   Compiling pyo3-ffi v0.29.2
   Compiling pyo3 v0.29.2
    Checking vinkulum v0.8.1 (/root/vinkulum)
    Finished `release` profile [optimized] target(s) in 4.47s

══ tests du noyau

running 70 tests
......................................................................
test result: ok. 70 passed; 0 failed; 0 ignored; 0 measured; 0 filtered out; finished in 0.05s


running 0 tests

test result: ok. 0 passed; 0 failed; 0 ignored; 0 measured; 0 filtered out; finished in 0.00s


══ contrôles du prototype de poutre mixte

running 8 tests
........
test result: ok. 8 passed; 0 failed; 0 ignored; 0 measured; 0 filtered out; finished in 0.90s


══ roue → /root/vinkulum/.venv314/bin/python
🍹 Building a mixed python/rust project
🐍 Found CPython 3.14 at /root/vinkulum/.venv314/bin/python
🔗 Found pyo3 bindings
📡 Using build options features from pyproject.toml
Using Python 3.14.7 environment at: .venv314
Checked 4 packages in 1ms
   Compiling pyo3-ffi v0.29.2
   Compiling pyo3 v0.29.2
   Compiling vinkulum v0.8.1 (/root/vinkulum)
    Finished `release` profile [optimized] target(s) in 18.77s
📦 Built wheel for CPython 3.14 to /tmp/.tmpCcqi3Q/vinkulum-0.8.1-cp314-cp314-linux_x86_64.whl
✏️ Setting installed package as editable
🛠 Installed vinkulum-0.8.1

══ contrôles rapides (campagne parallèle)
╔═ vérification : 41 cas, 8 processus, 64 CPU au total
║ journaux : /tmp/vinkulum-campagne-855468a6
║ durées sous concurrence ; JOBS=1 pour mesurer des cas isolés
║ OK    robustesse — 0.37 s
║ OK    assemblage — 0.37 s
║ OK    validation_scores — 0.37 s
║ OK    convergence — 0.47 s
║ OK    amortissement — 0.52 s
║ OK    superelement — 0.37 s
║ OK    toupie — 0.82 s
║ OK    bennett — 0.41 s
║ OK    vis_ecrou — 0.52 s
║ OK    liaisons_unilaterales — 0.77 s
║ OK    determinisme — 1.42 s
║ OK    six_barres — 0.72 s
║ OK    invariance_unites — 0.57 s
║ OK    srscm — 2.42 s
║ OK    _regressions — 3.42 s
║ OK    lateral_buckling — 2.62 s
║ OK    modeles_mal_poses — 0.32 s
║ OK    non_holonome — 0.36 s
║ OK    quatre_barres_flexible — 2.47 s
║ OK    coulomb_pente — 0.51 s
║ OK    treillis_de_boucles — 2.37 s
║ OK    lecteurs_casses — 0.37 s
║ OK    gyroscopique_tangent — 0.36 s
║ OK    sparsite — 0.47 s
║ OK    audit_jacobien — 0.37 s
║ OK    trim.demo — 0.16 s
║ OK    reduction.demo — 0.27 s
║ OK    invariances — 1.77 s
║ OK    arbre_tournant — 4.22 s
║ OK    accords — 1.52 s
║ OK    floquet.demo — 0.87 s
║ OK    urdf.demo — 0.92 s
║ OK    campagne.demo — 0.42 s
║ OK    domaines.demo — 0.62 s
║ OK    mjcf.demo — 0.82 s
║ OK    convergence.demo — 1.67 s
║ OK    adjoint_temps.demo — 4.43 s
║ OK    statique — 15.19 s
║ OK    kapitza — 20.10 s
║ OK    echelle — 1.77 s
║ OK    refus_gardes — 0.37 s
╚ vérification OK — 41/41 cas, 22.76 s

══ régressions Python : noyau, analyses, campagnes et cinématique sigma
................/root/vinkulum/python/vinkulum/urdf.py:124: ResourceWarning: unclosed file <_io.BufferedReader name='/root/vinkulum/python/vinkulum/donnees/urdfs/cartpole.urdf'>
  src = open(chemin, "rb").read()
ResourceWarning: Enable tracemalloc to get the object allocation traceback
..............................................................
----------------------------------------------------------------------
Ran 78 tests in 3.072s

OK

══ la référence d'API est-elle à jour
╚═ référence d'API à jour (185 entrées)

══ archive du prototype de poutre mixte
{"essais_princeton": 36, "succes_princeton": 36, "echauffements": 9, "sondages_moment": 8, "sondages_lineaires": 20, "refus_condensation": 2, "raideurs_negatives": 1, "ecart_reference_m": 3.767292033884928e-12}

══ archive de l'expérience sigma
252 essais contrôlés, 84 configurations ; références et sorties cohérentes.

╚ CI locale OK
