
══ format et lint
   Compiling pyo3-ffi v0.29.2
   Compiling pyo3 v0.29.2
    Checking vinkulum v0.8.2 (/root/vinkulum)
    Finished `release` profile [optimized] target(s) in 4.49s

══ tests du noyau

running 73 tests
.........................................................................
test result: ok. 73 passed; 0 failed; 0 ignored; 0 measured; 0 filtered out; finished in 0.05s


running 0 tests

test result: ok. 0 passed; 0 failed; 0 ignored; 0 measured; 0 filtered out; finished in 0.00s


══ contrôles du prototype de poutre mixte

running 8 tests
........
test result: ok. 8 passed; 0 failed; 0 ignored; 0 measured; 0 filtered out; finished in 0.90s


══ roue → /root/vinkulum/.venv314/bin/python
🍹 Building a mixed python/rust project
🐍 Found CPython 3.14 at /root/vinkulum/.venv314/bin/python
🔗 Found pyo3 bindings
📡 Using build options features from pyproject.toml
Using Python 3.14.7 environment at: .venv314
Checked 4 packages in 1ms
   Compiling pyo3-ffi v0.29.2
   Compiling pyo3 v0.29.2
   Compiling vinkulum v0.8.2 (/root/vinkulum)
    Finished `release` profile [optimized] target(s) in 18.74s
📦 Built wheel for CPython 3.14 to /tmp/.tmpkdmD9z/vinkulum-0.8.2-cp314-cp314-linux_x86_64.whl
✏️ Setting installed package as editable
🛠 Installed vinkulum-0.8.2

══ contrôles rapides (campagne parallèle)
╔═ vérification : 41 cas, 8 processus, 64 CPU au total
║ journaux : /tmp/vinkulum-campagne-ti_vlidh
║ durées sous concurrence ; JOBS=1 pour mesurer des cas isolés
║ OK    robustesse — 0.37 s
║ OK    validation_scores — 0.37 s
║ OK    assemblage — 0.37 s
║ OK    convergence — 0.47 s
║ OK    amortissement — 0.52 s
║ OK    superelement — 0.36 s
║ OK    toupie — 0.87 s
║ OK    vis_ecrou — 0.57 s
║ OK    bennett — 0.47 s
║ OK    liaisons_unilaterales — 0.88 s
║ OK    determinisme — 1.48 s
║ OK    six_barres — 0.77 s
║ OK    invariance_unites — 0.52 s
║ OK    lateral_buckling — 1.52 s
║ OK    quatre_barres_flexible — 1.22 s
║ OK    modeles_mal_poses — 0.37 s
║ OK    invariances — 0.87 s
║ OK    _regressions — 3.39 s
║ OK    arbre_tournant — 2.32 s
║ OK    non_holonome — 0.52 s
║ OK    coulomb_pente — 0.52 s
║ OK    lecteurs_casses — 0.36 s
║ OK    srscm — 3.23 s
║ OK    gyroscopique_tangent — 0.36 s
║ OK    audit_jacobien — 0.36 s
║ OK    trim.demo — 0.16 s
║ OK    sparsite — 0.62 s
║ OK    accords — 1.02 s
║ OK    reduction.demo — 0.26 s
║ OK    treillis_de_boucles — 2.57 s
║ OK    floquet.demo — 0.87 s
║ OK    domaines.demo — 0.62 s
║ OK    urdf.demo — 0.97 s
║ OK    mjcf.demo — 0.87 s
║ OK    convergence.demo — 1.17 s
║ OK    campagne.demo — 0.57 s
║ OK    adjoint_temps.demo — 4.32 s
║ OK    statique — 8.19 s
║ OK    kapitza — 19.51 s
║ OK    echelle — 2.42 s
║ OK    refus_gardes — 0.36 s
╚ vérification OK — 41/41 cas, 22.82 s

══ régressions Python : noyau, analyses, campagnes et cinématique sigma
................/root/vinkulum/python/vinkulum/urdf.py:124: ResourceWarning: unclosed file <_io.BufferedReader name='/root/vinkulum/python/vinkulum/donnees/urdfs/cartpole.urdf'>
  src = open(chemin, "rb").read()
ResourceWarning: Enable tracemalloc to get the object allocation traceback
..............................................................
----------------------------------------------------------------------
Ran 78 tests in 3.075s

OK

══ la référence d'API est-elle à jour
╚═ référence d'API à jour (185 entrées)

══ archive du prototype de poutre mixte
{"essais_princeton": 36, "succes_princeton": 36, "echauffements": 9, "sondages_moment": 8, "sondages_lineaires": 20, "refus_condensation": 2, "raideurs_negatives": 1, "ecart_reference_m": 3.767292033884928e-12}

══ archive de l'expérience sigma
252 essais contrôlés, 84 configurations ; références et sorties cohérentes.

══ archive de globalisation statique
{
  "configurations": 51,
  "repetitions": 3,
  "resolutions_chronometrees": 306,
  "controles_reussis_par_version": 49,
  "echecs_numeriques_communs": [
    {
      "famille": "poutre",
      "formulation": "milieu",
      "n": 10,
      "tourne": true,
      "unites": [
        0.001,
        1.0
      ]
    },
    {
      "famille": "poutre",
      "formulation": "integree",
      "n": 10,
      "tourne": true,
      "unites": [
        0.001,
        1.0
      ]
    }
  ],
  "regressions_de_convergence_observees": 0,
  "ecart_position_max": 5.80017534002053e-10,
  "ecart_rotation_max": 1.996061732567611e-09
}

╚ CI locale OK
