1000 ecart 2.997088508815105e-13 largeur 1.013754375743163e-40 base 4.674336341897815e-44
2000 ecart 1.0454751703792638e-12 largeur 1.013754375743163e-40 base 4.674336341897815e-44
3000 ecart 7.357959286774012e-11 largeur 5.306054212954817e-40 base 5.210499289234558e-44
4000 ecart 2.4948367923733767e-10 largeur 1.2876939443167372e-39 base 1.312808599416093e-43
5000 ecart 2.4948367923733767e-10 largeur 1.2876939443167372e-39 base 1.312808599416093e-43
6000 ecart 3.676172208158509e-10 largeur 2.3726741410518688e-39 base 1.312808599416093e-43
7000 ecart 6.925939277745361e-10 largeur 3.78543229079352e-39 base 1.9645020707092056e-43
8000 ecart 6.925939277745361e-10 largeur 3.78543229079352e-39 base 1.9645020707092056e-43
9000 ecart 8.981190379382742e-10 largeur 5.526021537512259e-39 base 1.9645020707092056e-43
10000 ecart 1.3575401576224665e-09 largeur 7.594442895233635e-39 base 3.191816483115728e-43
11000 ecart 1.3575401576224665e-09 largeur 7.594442895233635e-39 base 3.191816483115728e-43
12000 ecart 1.6753601115052267e-09 largeur 9.990715371120753e-39 base 3.191816483115728e-43
13000 ecart 1.951000475401238e-09 largeur 1.2714675442264097e-38 base 4.066058762411688e-43
14000 ecart 1.951000475401238e-09 largeur 1.2714675442264097e-38 base 4.066058762411688e-43
15000 ecart 2.302370471097412e-09 largeur 1.5766764126985875e-38 base 4.066058762411688e-43
16000 ecart 2.5085775084599385e-09 largeur 1.914601945099602e-38 base 5.1305587496318e-43
17000 ecart 2.5085775084599385e-09 largeur 1.914601945099602e-38 base 5.1305587496318e-43
18000 ecart 2.58390479095708e-09 largeur 2.285411601932917e-38 base 5.1305587496318e-43
19000 ecart 2.58390479095708e-09 largeur 2.688889931575382e-38 base 5.3979220558630125e-43
20000 ecart 2.58390479095708e-09 largeur 2.688889931575382e-38 base 5.3979220558630125e-43
terminé 274.99925317801535 True
