1000 ecart 2.3201926491189795e-17 largeur 5.023668679159785e-44 base 3.2925093444306525e-47
2000 ecart 4.130810277169772e-16 largeur 1.80361549564462e-42 base 6.390321564429793e-46
3000 ecart 6.949302244763089e-15 largeur 4.5719266604469333e-41 base 1.2051731283786716e-44
4000 ecart 2.996957066195294e-14 largeur 2.4339997979725714e-40 base 4.728531211322011e-44
5000 ecart 2.996957066195294e-14 largeur 2.4339997979725714e-40 base 4.728531211322011e-44
6000 ecart 2.996957066195294e-14 largeur 2.4339997979725714e-40 base 4.728531211322011e-44
7000 ecart 3.077088144834081e-13 largeur 2.4339997979725714e-40 base 4.728531211322011e-44
8000 ecart 5.5177535717571e-12 largeur 2.4339997979725714e-40 base 4.728531211322011e-44
9000 ecart 9.277903272042476e-11 largeur 2.8324598442189297e-40 base 4.728531211322011e-44
10000 ecart 3.8841918120284785e-10 largeur 1.273710012668652e-39 base 5.269247847336801e-44
11000 ecart 3.8841918120284785e-10 largeur 1.273710012668652e-39 base 5.269247847336801e-44
12000 ecart 3.8841918120284785e-10 largeur 1.273710012668652e-39 base 5.269247847336801e-44
13000 ecart 3.8841918120284785e-10 largeur 1.273710012668652e-39 base 5.269247847336801e-44
14000 ecart 3.8841918120284785e-10 largeur 1.273710012668652e-39 base 5.269247847336801e-44
15000 ecart 3.8841918120284785e-10 largeur 1.273710012668652e-39 base 5.269247847336801e-44
16000 ecart 3.8841918120284785e-10 largeur 3.090934992895393e-39 base 1.3058943112529143e-43
17000 ecart 3.8841918120284785e-10 largeur 3.090934992895393e-39 base 1.3058943112529143e-43
18000 ecart 3.8841918120284785e-10 largeur 3.090934992895393e-39 base 1.3058943112529143e-43
19000 ecart 3.8841918120284785e-10 largeur 3.090934992895393e-39 base 1.3058943112529143e-43
20000 ecart 3.8841918120284785e-10 largeur 3.090934992895393e-39 base 1.3058943112529143e-43
21000 ecart 3.8841918120284785e-10 largeur 3.090934992895393e-39 base 1.3058943112529143e-43
22000 ecart 3.8841918120284785e-10 largeur 5.694986177504714e-39 base 1.3058943112529143e-43
23000 ecart 3.8841918120284785e-10 largeur 5.694986177504714e-39 base 1.3058943112529143e-43
24000 ecart 3.8841918120284785e-10 largeur 5.694986177504714e-39 base 1.3058943112529143e-43
25000 ecart 3.8841918120284785e-10 largeur 5.694986177504714e-39 base 1.3058943112529143e-43
26000 ecart 3.8841918120284785e-10 largeur 5.694986177504714e-39 base 1.3058943112529143e-43
27000 ecart 3.8841918120284785e-10 largeur 5.694986177504714e-39 base 1.3058943112529143e-43
28000 ecart 5.424032284469153e-10 largeur 9.0858735883807e-39 base 2.3735337603108e-43
29000 ecart 5.424032284469153e-10 largeur 9.0858735883807e-39 base 2.3735337603108e-43
30000 ecart 5.424032284469153e-10 largeur 9.0858735883807e-39 base 2.3735337603108e-43
31000 ecart 5.424032284469153e-10 largeur 9.0858735883807e-39 base 2.3735337603108e-43
32000 ecart 5.424032284469153e-10 largeur 9.0858735883807e-39 base 2.3735337603108e-43
33000 ecart 5.424032284469153e-10 largeur 9.0858735883807e-39 base 2.3735337603108e-43
34000 ecart 1.0573780739197734e-09 largeur 1.3263574613164148e-38 base 2.3735337603108e-43
35000 ecart 1.0573780739197734e-09 largeur 1.3263574613164148e-38 base 2.3735337603108e-43
36000 ecart 1.0573780739197734e-09 largeur 1.3263574613164148e-38 base 2.3735337603108e-43
37000 ecart 1.0573780739197734e-09 largeur 1.3263574613164148e-38 base 2.3735337603108e-43
38000 ecart 1.0573780739197734e-09 largeur 1.3263574613164148e-38 base 2.3735337603108e-43
39000 ecart 1.0573780739197734e-09 largeur 1.3263574613164148e-38 base 2.3735337603108e-43
40000 ecart 1.483601899613388e-09 largeur 1.8228085949087632e-38 base 3.051917674111378e-43
41000 ecart 1.483601899613388e-09 largeur 1.8228085949087632e-38 base 3.051917674111378e-43
42000 ecart 1.483601899613388e-09 largeur 1.8228085949087632e-38 base 3.051917674111378e-43
43000 ecart 1.483601899613388e-09 largeur 1.8228085949087632e-38 base 3.051917674111378e-43
44000 ecart 1.483601899613388e-09 largeur 1.8228085949087632e-38 base 3.051917674111378e-43
45000 ecart 1.483601899613388e-09 largeur 1.8228085949087632e-38 base 3.051917674111378e-43
46000 ecart 2.0025412426858953e-09 largeur 2.3979392996783314e-38 base 3.051917674111378e-43
47000 ecart 2.0025412426858953e-09 largeur 2.3979392996783314e-38 base 3.051917674111378e-43
48000 ecart 2.0025412426858953e-09 largeur 2.3979392996783314e-38 base 3.051917674111378e-43
49000 ecart 2.0025412426858953e-09 largeur 2.3979392996783314e-38 base 3.051917674111378e-43
50000 ecart 2.0025412426858953e-09 largeur 2.3979392996783314e-38 base 3.051917674111378e-43
51000 ecart 2.0025412426858953e-09 largeur 2.3979392996783314e-38 base 3.051917674111378e-43
52000 ecart 2.2235949161732724e-09 largeur 3.051757103567421e-38 base 3.905638840659109e-43
53000 ecart 2.2235949161732724e-09 largeur 3.051757103567421e-38 base 3.905638840659109e-43
54000 ecart 2.2235949161732724e-09 largeur 3.051757103567421e-38 base 3.905638840659109e-43
55000 ecart 2.2235949161732724e-09 largeur 3.051757103567421e-38 base 3.905638840659109e-43
56000 ecart 2.2235949161732724e-09 largeur 3.051757103567421e-38 base 3.905638840659109e-43
57000 ecart 2.2235949161732724e-09 largeur 3.051757103567421e-38 base 3.905638840659109e-43
58000 ecart 2.929515622928386e-09 largeur 3.7842567266640553e-38 base 3.905638840659109e-43
59000 ecart 2.929515622928386e-09 largeur 3.7842567266640553e-38 base 3.905638840659109e-43
60000 ecart 2.929515622928386e-09 largeur 3.7842567266640553e-38 base 3.905638840659109e-43
61000 ecart 2.929515622928386e-09 largeur 3.7842567266640553e-38 base 3.905638840659109e-43
62000 ecart 2.929515622928386e-09 largeur 3.7842567266640553e-38 base 3.905638840659109e-43
63000 ecart 2.929515622928386e-09 largeur 3.7842567266640553e-38 base 3.905638840659109e-43
64000 ecart 3.8346084925801934e-09 largeur 4.59543371074538e-38 base 4.986601874986171e-43
65000 ecart 3.8346084925801934e-09 largeur 4.59543371074538e-38 base 4.986601874986171e-43
66000 ecart 3.8346084925801934e-09 largeur 4.59543371074538e-38 base 4.986601874986171e-43
67000 ecart 3.8346084925801934e-09 largeur 4.59543371074538e-38 base 4.986601874986171e-43
68000 ecart 3.8346084925801934e-09 largeur 4.59543371074538e-38 base 4.986601874986171e-43
69000 ecart 3.8346084925801934e-09 largeur 4.59543371074538e-38 base 4.986601874986171e-43
70000 ecart 4.169543059999632e-09 largeur 5.485286933130478e-38 base 4.986601874986171e-43
71000 ecart 4.169543059999632e-09 largeur 5.485286933130478e-38 base 4.986601874986171e-43
72000 ecart 4.169543059999632e-09 largeur 5.485286933130478e-38 base 4.986601874986171e-43
73000 ecart 4.169543059999632e-09 largeur 5.485286933130478e-38 base 4.986601874986171e-43
74000 ecart 4.169543059999632e-09 largeur 5.485286933130478e-38 base 4.986601874986171e-43
75000 ecart 4.169543059999632e-09 largeur 5.485286933130478e-38 base 4.986601874986171e-43
76000 ecart 4.785998404813741e-09 largeur 6.45383805099659e-38 base 6.270304479790327e-43
77000 ecart 4.785998404813741e-09 largeur 6.45383805099659e-38 base 6.270304479790327e-43
78000 ecart 4.785998404813741e-09 largeur 6.45383805099659e-38 base 6.270304479790327e-43
79000 ecart 4.785998404813741e-09 largeur 6.45383805099659e-38 base 6.270304479790327e-43
80000 ecart 4.785998404813741e-09 largeur 6.45383805099659e-38 base 6.270304479790327e-43
terminé 815.4656367299613 True
