1000 ecart 3.6586363458906153e-16 largeur 8.372210942128155e-44 base 3.512169296665582e-47
2000 ecart 6.477123031559938e-15 largeur 3.005925472668718e-42 base 7.176875014150912e-46
3000 ecart 1.0976543213169939e-13 largeur 7.619708398231932e-41 base 1.1249526750462557e-44
4000 ecart 4.759425250853831e-13 largeur 4.05659310846031e-40 base 4.716968219359803e-44
5000 ecart 4.759425250853831e-13 largeur 4.05659310846031e-40 base 4.716968219359803e-44
6000 ecart 4.759425250853831e-13 largeur 4.05659310846031e-40 base 4.716968219359803e-44
7000 ecart 4.759425250853831e-13 largeur 4.05659310846031e-40 base 4.716968219359803e-44
8000 ecart 2.897689443694469e-12 largeur 4.05659310846031e-40 base 4.716968219359803e-44
9000 ecart 4.872334638162972e-11 largeur 4.720731433869681e-40 base 4.716968219359803e-44
10000 ecart 2.0398009915452565e-10 largeur 2.1228353891317246e-39 base 4.924119535362045e-44
11000 ecart 2.0398009915452565e-10 largeur 2.1228353891317246e-39 base 4.924119535362045e-44
12000 ecart 2.0398009915452565e-10 largeur 2.1228353891317246e-39 base 4.924119535362045e-44
13000 ecart 2.0398009915452565e-10 largeur 2.1228353891317246e-39 base 4.924119535362045e-44
14000 ecart 2.0398009915452565e-10 largeur 2.1228353891317246e-39 base 4.924119535362045e-44
15000 ecart 2.0398009915452565e-10 largeur 2.1228353891317246e-39 base 4.924119535362045e-44
16000 ecart 2.0398009915452565e-10 largeur 5.151536396325871e-39 base 1.2648035983328777e-43
17000 ecart 2.0398009915452565e-10 largeur 5.151536396325871e-39 base 1.2648035983328777e-43
18000 ecart 2.0398009915452565e-10 largeur 5.151536396325871e-39 base 1.2648035983328777e-43
19000 ecart 2.0398009915452565e-10 largeur 5.151536396325871e-39 base 1.2648035983328777e-43
20000 ecart 2.0398009915452565e-10 largeur 5.151536396325871e-39 base 1.2648035983328777e-43
21000 ecart 2.0398009915452565e-10 largeur 5.151536396325871e-39 base 1.2648035983328777e-43
22000 ecart 7.038798457544916e-10 largeur 9.49161442017543e-39 base 1.2648035983328777e-43
23000 ecart 7.038798457544916e-10 largeur 9.49161442017543e-39 base 1.2648035983328777e-43
24000 ecart 7.038798457544916e-10 largeur 9.49161442017543e-39 base 1.2648035983328777e-43
25000 ecart 7.038798457544916e-10 largeur 9.49161442017543e-39 base 1.2648035983328777e-43
26000 ecart 7.038798457544916e-10 largeur 9.49161442017543e-39 base 1.2648035983328777e-43
27000 ecart 7.038798457544916e-10 largeur 9.49161442017543e-39 base 1.2648035983328777e-43
28000 ecart 9.749647206815086e-10 largeur 1.5143086159943253e-38 base 2.1990999990022916e-43
29000 ecart 9.749647206815086e-10 largeur 1.5143086159943253e-38 base 2.1990999990022916e-43
30000 ecart 9.749647206815086e-10 largeur 1.5143086159943253e-38 base 2.1990999990022916e-43
31000 ecart 9.749647206815086e-10 largeur 1.5143086159943253e-38 base 2.1990999990022916e-43
32000 ecart 9.749647206815086e-10 largeur 1.5143086159943253e-38 base 2.1990999990022916e-43
33000 ecart 9.749647206815086e-10 largeur 1.5143086159943253e-38 base 2.1990999990022916e-43
34000 ecart 1.0605234530574835e-09 largeur 2.2105913932469368e-38 base 2.1990999990022916e-43
35000 ecart 1.0605234530574835e-09 largeur 2.2105913932469368e-38 base 2.1990999990022916e-43
36000 ecart 1.0605234530574835e-09 largeur 2.2105913932469368e-38 base 2.1990999990022916e-43
37000 ecart 1.0605234530574835e-09 largeur 2.2105913932469368e-38 base 2.1990999990022916e-43
38000 ecart 1.0605234530574835e-09 largeur 2.2105913932469368e-38 base 2.1990999990022916e-43
39000 ecart 1.0605234530574835e-09 largeur 2.2105913932469368e-38 base 2.1990999990022916e-43
40000 ecart 1.0605234530574835e-09 largeur 3.0380092265300103e-38 base 3.0420872981587124e-43
41000 ecart 1.0605234530574835e-09 largeur 3.0380092265300103e-38 base 3.0420872981587124e-43
42000 ecart 1.0605234530574835e-09 largeur 3.0380092265300103e-38 base 3.0420872981587124e-43
43000 ecart 1.0605234530574835e-09 largeur 3.0380092265300103e-38 base 3.0420872981587124e-43
44000 ecart 1.0605234530574835e-09 largeur 3.0380092265300103e-38 base 3.0420872981587124e-43
45000 ecart 1.0605234530574835e-09 largeur 3.0380092265300103e-38 base 3.0420872981587124e-43
46000 ecart 1.0605234530574835e-09 largeur 3.996559674450455e-38 base 3.0420872981587124e-43
47000 ecart 1.0605234530574835e-09 largeur 3.996559674450455e-38 base 3.0420872981587124e-43
48000 ecart 1.0605234530574835e-09 largeur 3.996559674450455e-38 base 3.0420872981587124e-43
49000 ecart 1.0605234530574835e-09 largeur 3.996559674450455e-38 base 3.0420872981587124e-43
50000 ecart 1.0605234530574835e-09 largeur 3.996559674450455e-38 base 3.0420872981587124e-43
51000 ecart 1.0605234530574835e-09 largeur 3.996559674450455e-38 base 3.0420872981587124e-43
52000 ecart 1.0605234530574835e-09 largeur 5.086255306203905e-38 base 4.217194265760843e-43
53000 ecart 1.0605234530574835e-09 largeur 5.086255306203905e-38 base 4.217194265760843e-43
54000 ecart 1.0605234530574835e-09 largeur 5.086255306203905e-38 base 4.217194265760843e-43
55000 ecart 1.0605234530574835e-09 largeur 5.086255306203905e-38 base 4.217194265760843e-43
56000 ecart 1.0605234530574835e-09 largeur 5.086255306203905e-38 base 4.217194265760843e-43
57000 ecart 1.0605234530574835e-09 largeur 5.086255306203905e-38 base 4.217194265760843e-43
58000 ecart 1.4984991053081614e-09 largeur 6.307087314478982e-38 base 4.217194265760843e-43
59000 ecart 1.4984991053081614e-09 largeur 6.307087314478982e-38 base 4.217194265760843e-43
60000 ecart 1.4984991053081614e-09 largeur 6.307087314478982e-38 base 4.217194265760843e-43
61000 ecart 1.4984991053081614e-09 largeur 6.307087314478982e-38 base 4.217194265760843e-43
62000 ecart 1.4984991053081614e-09 largeur 6.307087314478982e-38 base 4.217194265760843e-43
63000 ecart 1.4984991053081614e-09 largeur 6.307087314478982e-38 base 4.217194265760843e-43
64000 ecart 2.2000244141186134e-09 largeur 7.659048269246378e-38 base 4.931455198047137e-43
65000 ecart 2.2000244141186134e-09 largeur 7.659048269246378e-38 base 4.931455198047137e-43
66000 ecart 2.2000244141186134e-09 largeur 7.659048269246378e-38 base 4.931455198047137e-43
67000 ecart 2.2000244141186134e-09 largeur 7.659048269246378e-38 base 4.931455198047137e-43
68000 ecart 2.2000244141186134e-09 largeur 7.659048269246378e-38 base 4.931455198047137e-43
69000 ecart 2.2000244141186134e-09 largeur 7.659048269246378e-38 base 4.931455198047137e-43
70000 ecart 2.3037892356703124e-09 largeur 9.142136299211576e-38 base 4.931455198047137e-43
71000 ecart 2.3037892356703124e-09 largeur 9.142136299211576e-38 base 4.931455198047137e-43
72000 ecart 2.3037892356703124e-09 largeur 9.142136299211576e-38 base 4.931455198047137e-43
73000 ecart 2.3037892356703124e-09 largeur 9.142136299211576e-38 base 4.931455198047137e-43
74000 ecart 2.3037892356703124e-09 largeur 9.142136299211576e-38 base 4.931455198047137e-43
75000 ecart 2.3037892356703124e-09 largeur 9.142136299211576e-38 base 4.931455198047137e-43
76000 ecart 2.3037892356703124e-09 largeur 1.0756387507378947e-37 base 5.668965217539858e-43
77000 ecart 2.3037892356703124e-09 largeur 1.0756387507378947e-37 base 5.668965217539858e-43
78000 ecart 2.3037892356703124e-09 largeur 1.0756387507378947e-37 base 5.668965217539858e-43
79000 ecart 2.3037892356703124e-09 largeur 1.0756387507378947e-37 base 5.668965217539858e-43
80000 ecart 2.3037892356703124e-09 largeur 1.0756387507378947e-37 base 5.668965217539858e-43
terminé 1107.0434646981303 True
