1000 ecart 3.3469446446700505e-15 largeur 1.5026811766087392e-42 base 5.9768222669160004e-46
2000 ecart 2.4490060479000884e-13 largeur 2.028061244880363e-40 base 4.571259974235817e-44
3000 ecart 2.4490060479000884e-13 largeur 2.028061244880363e-40 base 4.571259974235817e-44
4000 ecart 5.022245278793875e-12 largeur 2.028061244880363e-40 base 4.571259974235817e-44
5000 ecart 3.5352423037443107e-10 largeur 1.0613656847028157e-39 base 4.640919057171643e-44
6000 ecart 3.5352423037443107e-10 largeur 1.0613656847028157e-39 base 4.640919057171643e-44
7000 ecart 3.5352423037443107e-10 largeur 1.0613656847028157e-39 base 4.640919057171643e-44
8000 ecart 5.93228492723704e-10 largeur 2.5756827901162994e-39 base 1.379045391469692e-43
9000 ecart 5.93228492723704e-10 largeur 2.5756827901162994e-39 base 1.379045391469692e-43
10000 ecart 5.93228492723704e-10 largeur 2.5756827901162994e-39 base 1.379045391469692e-43
11000 ecart 8.236318526659984e-10 largeur 4.7456749823877497e-39 base 1.379045391469692e-43
12000 ecart 8.236318526659984e-10 largeur 4.7456749823877497e-39 base 1.379045391469692e-43
13000 ecart 8.236318526659984e-10 largeur 4.7456749823877497e-39 base 1.379045391469692e-43
14000 ecart 8.469372251289795e-10 largeur 7.571332771278055e-39 base 2.1521364068813794e-43
15000 ecart 8.469372251289795e-10 largeur 7.571332771278055e-39 base 2.1521364068813794e-43
16000 ecart 8.469372251289795e-10 largeur 7.571332771278055e-39 base 2.1521364068813794e-43
17000 ecart 1.0095802363969462e-09 largeur 1.1052675683279195e-38 base 2.1521364068813794e-43
18000 ecart 1.0095802363969462e-09 largeur 1.1052675683279195e-38 base 2.1521364068813794e-43
19000 ecart 1.0095802363969462e-09 largeur 1.1052675683279195e-38 base 2.1521364068813794e-43
20000 ecart 1.0885894420886654e-09 largeur 1.5189714242498436e-38 base 3.420917871761587e-43
21000 ecart 1.0885894420886654e-09 largeur 1.5189714242498436e-38 base 3.420917871761587e-43
22000 ecart 1.0885894420886654e-09 largeur 1.5189714242498436e-38 base 3.420917871761587e-43
23000 ecart 1.2111937027423901e-09 largeur 1.9982449904288235e-38 base 3.420917871761587e-43
24000 ecart 1.2111937027423901e-09 largeur 1.9982449904288235e-38 base 3.420917871761587e-43
25000 ecart 1.2111937027423901e-09 largeur 1.9982449904288235e-38 base 3.420917871761587e-43
26000 ecart 1.2111937027423901e-09 largeur 2.543087506824657e-38 base 3.751829473709737e-43
27000 ecart 1.2111937027423901e-09 largeur 2.543087506824657e-38 base 3.751829473709737e-43
28000 ecart 1.2111937027423901e-09 largeur 2.543087506824657e-38 base 3.751829473709737e-43
29000 ecart 1.2111937027423901e-09 largeur 3.153497317879842e-38 base 3.751829473709737e-43
30000 ecart 1.2111937027423901e-09 largeur 3.153497317879842e-38 base 3.751829473709737e-43
31000 ecart 1.2111937027423901e-09 largeur 3.153497317879842e-38 base 3.751829473709737e-43
32000 ecart 1.2111937027423901e-09 largeur 3.829471863761461e-38 base 4.8887884801433785e-43
33000 ecart 1.2111937027423901e-09 largeur 3.829471863761461e-38 base 4.8887884801433785e-43
34000 ecart 1.2111937027423901e-09 largeur 3.829471863761461e-38 base 4.8887884801433785e-43
35000 ecart 1.555356885778587e-09 largeur 4.571007672971522e-38 base 4.8887884801433785e-43
36000 ecart 1.555356885778587e-09 largeur 4.571007672971522e-38 base 4.8887884801433785e-43
37000 ecart 1.555356885778587e-09 largeur 4.571007672971522e-38 base 4.8887884801433785e-43
38000 ecart 1.9342337357441044e-09 largeur 5.378100364947023e-38 base 5.56065543490928e-43
39000 ecart 1.9342337357441044e-09 largeur 5.378100364947023e-38 base 5.56065543490928e-43
40000 ecart 1.9342337357441044e-09 largeur 5.378100364947023e-38 base 5.56065543490928e-43
terminé 559.2634746911936 True
