1000 ecart 2.957448739029922e-14 largeur 6.082965816060272e-41 base 4.4337547777631914e-44
2000 ecart 3.0872158128525395e-13 largeur 6.082965816060272e-41 base 4.4337547777631914e-44
3000 ecart 2.1727763573666783e-11 largeur 3.1837203128267845e-40 base 4.843292643185759e-44
4000 ecart 1.3362747152832928e-10 largeur 7.72629529900646e-40 base 1.1983055069260873e-43
5000 ecart 1.3362747152832928e-10 largeur 7.72629529900646e-40 base 1.1983055069260873e-43
6000 ecart 1.9442090704702803e-10 largeur 1.4236220239888238e-39 base 1.1983055069260873e-43
7000 ecart 6.318194097521424e-10 largeur 2.271281290565141e-39 base 2.1146423518399744e-43
8000 ecart 6.318194097521424e-10 largeur 2.271281290565141e-39 base 2.1146423518399744e-43
9000 ecart 1.1234125584002122e-09 largeur 3.315639215327711e-39 base 2.1146423518399744e-43
10000 ecart 1.6832375088554554e-09 largeur 4.5566964127130676e-39 base 2.9017450026689473e-43
11000 ecart 1.6832375088554554e-09 largeur 4.5566964127130676e-39 base 2.9017450026689473e-43
12000 ecart 2.3920952232372138e-09 largeur 5.994464275113511e-39 base 2.9017450026689473e-43
13000 ecart 3.189199505769855e-09 largeur 7.628844687004338e-39 base 3.5743839008680225e-43
14000 ecart 3.189199505769855e-09 largeur 7.628844687004338e-39 base 3.5743839008680225e-43
15000 ecart 4.057750577386721e-09 largeur 9.460102262526323e-39 base 3.5743839008680225e-43
16000 ecart 4.447181903223692e-09 largeur 1.1487659819979182e-38 base 5.1049804834695175e-43
17000 ecart 4.447181903223692e-09 largeur 1.1487659819979182e-38 base 5.1049804834695175e-43
18000 ecart 4.690386591355835e-09 largeur 1.371252212320477e-38 base 5.1049804834695175e-43
19000 ecart 5.020171977936343e-09 largeur 1.6133396436737219e-38 base 5.294452793442029e-43
20000 ecart 5.020171977936343e-09 largeur 1.6133396436737219e-38 base 5.294452793442029e-43
terminé 204.5757741611451 True
