1000 ecart 3.649474842658234e-15 largeur 1.502681860836505e-42 base 6.1471362385927285e-46
2000 ecart 2.674361304720196e-13 largeur 2.0280612380380855e-40 base 4.552379405575968e-44
3000 ecart 2.674361304720196e-13 largeur 2.0280612380380855e-40 base 4.552379405575968e-44
4000 ecart 3.84289243861149e-12 largeur 2.0280612380380855e-40 base 4.552379405575968e-44
5000 ecart 2.705081690016551e-10 largeur 1.0613656847028157e-39 base 4.565472591189541e-44
6000 ecart 2.705081690016551e-10 largeur 1.0613656847028157e-39 base 4.565472591189541e-44
7000 ecart 2.705081690016551e-10 largeur 1.0613656847028157e-39 base 4.565472591189541e-44
8000 ecart 3.8583019181917026e-10 largeur 2.5756827949058938e-39 base 1.342901676958999e-43
9000 ecart 3.8583019181917026e-10 largeur 2.5756827949058938e-39 base 1.342901676958999e-43
10000 ecart 3.8583019181917026e-10 largeur 2.5756827949058938e-39 base 1.342901676958999e-43
11000 ecart 5.30019671767078e-10 largeur 4.745674994019622e-39 base 1.342901676958999e-43
12000 ecart 5.30019671767078e-10 largeur 4.745674994019622e-39 base 1.342901676958999e-43
13000 ecart 5.30019671767078e-10 largeur 4.745674994019622e-39 base 1.342901676958999e-43
14000 ecart 6.695112870699887e-10 largeur 7.571332783594155e-39 base 2.1430806758191552e-43
15000 ecart 6.695112870699887e-10 largeur 7.571332783594155e-39 base 2.1430806758191552e-43
16000 ecart 6.695112870699887e-10 largeur 7.571332783594155e-39 base 2.1430806758191552e-43
17000 ecart 8.188876814878448e-10 largeur 1.1052675718174811e-38 base 2.1430806758191552e-43
18000 ecart 8.188876814878448e-10 largeur 1.1052675718174811e-38 base 2.1430806758191552e-43
19000 ecart 8.188876814878448e-10 largeur 1.1052675718174811e-38 base 2.1430806758191552e-43
20000 ecart 1.1383609330560477e-09 largeur 1.5189714329395362e-38 base 3.159870153140245e-43
21000 ecart 1.1383609330560477e-09 largeur 1.5189714329395362e-38 base 3.159870153140245e-43
22000 ecart 1.1383609330560477e-09 largeur 1.5189714329395362e-38 base 3.159870153140245e-43
23000 ecart 1.4030085650275513e-09 largeur 1.998245005892371e-38 base 3.159870153140245e-43
24000 ecart 1.4030085650275513e-09 largeur 1.998245005892371e-38 base 3.159870153140245e-43
25000 ecart 1.4030085650275513e-09 largeur 1.998245005892371e-38 base 3.159870153140245e-43
26000 ecart 1.51633025597973e-09 largeur 2.543087532620044e-38 base 4.117717412919409e-43
27000 ecart 1.51633025597973e-09 largeur 2.543087532620044e-38 base 4.117717412919409e-43
28000 ecart 1.51633025597973e-09 largeur 2.543087532620044e-38 base 4.117717412919409e-43
29000 ecart 1.7008012043390796e-09 largeur 3.1534973545544503e-38 base 4.117717412919409e-43
30000 ecart 1.7008012043390796e-09 largeur 3.1534973545544503e-38 base 4.117717412919409e-43
31000 ecart 1.7008012043390796e-09 largeur 3.1534973545544503e-38 base 4.117717412919409e-43
32000 ecart 2.038040869389374e-09 largeur 3.82947190611516e-38 base 4.748609548199275e-43
33000 ecart 2.038040869389374e-09 largeur 3.82947190611516e-38 base 4.748609548199275e-43
34000 ecart 2.038040869389374e-09 largeur 3.82947190611516e-38 base 4.748609548199275e-43
35000 ecart 2.4785303081306256e-09 largeur 4.5710077197727013e-38 base 4.748609548199275e-43
36000 ecart 2.4785303081306256e-09 largeur 4.5710077197727013e-38 base 4.748609548199275e-43
37000 ecart 2.4785303081306256e-09 largeur 4.5710077197727013e-38 base 4.748609548199275e-43
38000 ecart 2.778428069128202e-09 largeur 5.37810042180635e-38 base 5.312241473333604e-43
39000 ecart 2.778428069128202e-09 largeur 5.37810042180635e-38 base 5.312241473333604e-43
40000 ecart 2.778428069128202e-09 largeur 5.37810042180635e-38 base 5.312241473333604e-43
terminé 572.4396144100465 True
