1000 ecart 4.006127027333939e-16 largeur 9.01668507471973e-43 base 6.715982759730247e-46
2000 ecart 2.941021043237693e-14 largeur 1.2168806825615144e-40 base 4.842744317819706e-44
3000 ecart 2.941021043237693e-14 largeur 1.2168806825615144e-40 base 4.842744317819706e-44
4000 ecart 2.908731957552979e-12 largeur 1.2168806825615144e-40 base 4.842744317819706e-44
5000 ecart 2.0474972590192554e-10 largeur 6.368281924745266e-40 base 5.239262538689805e-44
6000 ecart 2.0474972590192554e-10 largeur 6.368281924745266e-40 base 5.239262538689805e-44
7000 ecart 2.0474972590192554e-10 largeur 6.368281924745266e-40 base 5.239262538689805e-44
8000 ecart 5.046574507668901e-10 largeur 1.5454228379277656e-39 base 1.371981572647497e-43
9000 ecart 5.046574507668901e-10 largeur 1.5454228379277656e-39 base 1.371981572647497e-43
10000 ecart 5.046574507668901e-10 largeur 1.5454228379277656e-39 base 1.371981572647497e-43
11000 ecart 9.045222756426862e-10 largeur 2.847422526737669e-39 base 1.371981572647497e-43
12000 ecart 9.045222756426862e-10 largeur 2.847422526737669e-39 base 1.371981572647497e-43
13000 ecart 9.045222756426862e-10 largeur 2.847422526737669e-39 base 1.371981572647497e-43
14000 ecart 1.5838025301651406e-09 largeur 4.542821562708087e-39 base 2.2318733309472365e-43
15000 ecart 1.5838025301651406e-09 largeur 4.542821562708087e-39 base 2.2318733309472365e-43
16000 ecart 1.5838025301651406e-09 largeur 4.542821562708087e-39 base 2.2318733309472365e-43
17000 ecart 2.2825754724385174e-09 largeur 6.631631664607964e-39 base 2.2318733309472365e-43
18000 ecart 2.2825754724385174e-09 largeur 6.631631664607964e-39 base 2.2318733309472365e-43
19000 ecart 2.2825754724385174e-09 largeur 6.631631664607964e-39 base 2.2318733309472365e-43
20000 ecart 3.1324900420898433e-09 largeur 9.11385913485925e-39 base 2.978002371442662e-43
21000 ecart 3.1324900420898433e-09 largeur 9.11385913485925e-39 base 2.978002371442662e-43
22000 ecart 3.1324900420898433e-09 largeur 9.11385913485925e-39 base 2.978002371442662e-43
23000 ecart 4.256869156257499e-09 largeur 1.198950484516812e-38 base 2.978002371442662e-43
24000 ecart 4.256869156257499e-09 largeur 1.198950484516812e-38 base 2.978002371442662e-43
25000 ecart 4.256869156257499e-09 largeur 1.198950484516812e-38 base 2.978002371442662e-43
26000 ecart 5.5837919825943915e-09 largeur 1.5258564244051474e-38 base 3.7879682578602035e-43
27000 ecart 5.5837919825943915e-09 largeur 1.5258564244051474e-38 base 3.7879682578602035e-43
28000 ecart 5.5837919825943915e-09 largeur 1.5258564244051474e-38 base 3.7879682578602035e-43
29000 ecart 6.832834623137548e-09 largeur 1.8921027357521172e-38 base 3.7879682578602035e-43
30000 ecart 6.832834623137548e-09 largeur 1.8921027357521172e-38 base 3.7879682578602035e-43
31000 ecart 6.832834623137548e-09 largeur 1.8921027357521172e-38 base 3.7879682578602035e-43
32000 ecart 7.889114325378881e-09 largeur 2.2976878818505821e-38 base 5.148102241024733e-43
33000 ecart 7.889114325378881e-09 largeur 2.2976878818505821e-38 base 5.148102241024733e-43
34000 ecart 7.889114325378881e-09 largeur 2.2976878818505821e-38 base 5.148102241024733e-43
35000 ecart 8.924991986181564e-09 largeur 2.742609785111354e-38 base 5.148102241024733e-43
36000 ecart 8.924991986181564e-09 largeur 2.742609785111354e-38 base 5.148102241024733e-43
37000 ecart 8.924991986181564e-09 largeur 2.742609785111354e-38 base 5.148102241024733e-43
38000 ecart 9.939276137289075e-09 largeur 3.2268658150892107e-38 base 5.59343406181825e-43
39000 ecart 9.939276137289075e-09 largeur 3.2268658150892107e-38 base 5.59343406181825e-43
40000 ecart 9.939276137289075e-09 largeur 3.2268658150892107e-38 base 5.59343406181825e-43
terminé 411.9553913320415 True
