1000 ecart 2.847199225116007e-13 largeur 1.013754375743163e-40 base 4.693997361794649e-44
2000 ecart 4.3799459990662206e-13 largeur 1.013754375743163e-40 base 4.693997361794649e-44
3000 ecart 3.082464933414977e-11 largeur 5.306054212954817e-40 base 4.693997361794649e-44
4000 ecart 9.32340786674713e-11 largeur 1.2876939429482817e-39 base 1.2205853198758974e-43
5000 ecart 9.32340786674713e-11 largeur 1.2876939429482817e-39 base 1.2205853198758974e-43
6000 ecart 9.951844840044464e-11 largeur 2.3726741369465022e-39 base 1.2205853198758974e-43
7000 ecart 1.9307887137734423e-10 largeur 3.785432279845876e-39 base 2.0943035507967266e-43
8000 ecart 1.9307887137734423e-10 largeur 3.785432279845876e-39 base 2.0943035507967266e-43
9000 ecart 1.9307887137734423e-10 largeur 5.526021519038109e-39 base 2.0943035507967266e-43
10000 ecart 1.9307887137734423e-10 largeur 7.594442874022574e-39 base 2.996471561870528e-43
11000 ecart 1.9307887137734423e-10 largeur 7.594442874022574e-39 base 2.996471561870528e-43
12000 ecart 1.9307887137734423e-10 largeur 9.990715345120098e-39 base 2.996471561870528e-43
13000 ecart 1.9307887137734423e-10 largeur 1.2714675405315798e-38 base 3.5855047528875393e-43
14000 ecart 1.9307887137734423e-10 largeur 1.2714675405315798e-38 base 3.5855047528875393e-43
15000 ecart 1.9307887137734423e-10 largeur 1.576676406745806e-38 base 3.5855047528875393e-43
16000 ecart 1.9307887137734423e-10 largeur 1.9146019375730967e-38 base 4.608157521211535e-43
17000 ecart 1.9307887137734423e-10 largeur 1.9146019375730967e-38 base 4.608157521211535e-43
18000 ecart 5.295072785492641e-10 largeur 2.2854115916695006e-38 base 4.608157521211535e-43
19000 ecart 8.826942562185138e-10 largeur 2.6888899173434443e-38 base 5.2120150600664574e-43
20000 ecart 8.826942562185138e-10 largeur 2.6888899173434443e-38 base 5.2120150600664574e-43
terminé 284.32786155701615 True
