1000 ecart 3.708393093894124e-16 largeur 8.372279364904733e-44 base 3.5284965560460036e-47
2000 ecart 6.555098355336258e-15 largeur 3.0059247884409525e-42 base 5.9355863968484094e-46
3000 ecart 1.1105054848652873e-13 largeur 7.619708398231932e-41 base 1.036406905748756e-44
4000 ecart 4.815114663067814e-13 largeur 4.0565931153025876e-40 base 4.45420165961572e-44
5000 ecart 4.815114663067814e-13 largeur 4.0565931153025876e-40 base 4.45420165961572e-44
6000 ecart 4.815114663067814e-13 largeur 4.0565931153025876e-40 base 4.45420165961572e-44
7000 ecart 4.815114663067814e-13 largeur 4.0565931153025876e-40 base 4.45420165961572e-44
8000 ecart 4.477695229527159e-12 largeur 4.0565931153025876e-40 base 4.45420165961572e-44
9000 ecart 7.529052284326886e-11 largeur 4.720731433869681e-40 base 4.45420165961572e-44
10000 ecart 3.152032744856511e-10 largeur 2.1228353863948136e-39 base 5.092493099171683e-44
11000 ecart 3.152032744856511e-10 largeur 2.1228353863948136e-39 base 5.092493099171683e-44
12000 ecart 3.152032744856511e-10 largeur 2.1228353863948136e-39 base 5.092493099171683e-44
13000 ecart 3.152032744856511e-10 largeur 2.1228353863948136e-39 base 5.092493099171683e-44
14000 ecart 3.152032744856511e-10 largeur 2.1228353863948136e-39 base 5.092493099171683e-44
15000 ecart 3.152032744856511e-10 largeur 2.1228353863948136e-39 base 5.092493099171683e-44
16000 ecart 3.152032744856511e-10 largeur 5.15153639358896e-39 base 1.2930044561242024e-43
17000 ecart 3.152032744856511e-10 largeur 5.15153639358896e-39 base 1.2930044561242024e-43
18000 ecart 3.152032744856511e-10 largeur 5.15153639358896e-39 base 1.2930044561242024e-43
19000 ecart 3.152032744856511e-10 largeur 5.15153639358896e-39 base 1.2930044561242024e-43
20000 ecart 3.152032744856511e-10 largeur 5.15153639358896e-39 base 1.2930044561242024e-43
21000 ecart 3.152032744856511e-10 largeur 5.15153639358896e-39 base 1.2930044561242024e-43
22000 ecart 3.152032744856511e-10 largeur 9.491614428386163e-39 base 1.2930044561242024e-43
23000 ecart 3.152032744856511e-10 largeur 9.491614428386163e-39 base 1.2930044561242024e-43
24000 ecart 3.152032744856511e-10 largeur 9.491614428386163e-39 base 1.2930044561242024e-43
25000 ecart 3.152032744856511e-10 largeur 9.491614428386163e-39 base 1.2930044561242024e-43
26000 ecart 3.152032744856511e-10 largeur 9.491614428386163e-39 base 1.2930044561242024e-43
27000 ecart 3.152032744856511e-10 largeur 9.491614428386163e-39 base 1.2930044561242024e-43
28000 ecart 3.152032744856511e-10 largeur 1.514308614557447e-38 base 2.190207580574078e-43
29000 ecart 3.152032744856511e-10 largeur 1.514308614557447e-38 base 2.190207580574078e-43
30000 ecart 3.152032744856511e-10 largeur 1.514308614557447e-38 base 2.190207580574078e-43
31000 ecart 3.152032744856511e-10 largeur 1.514308614557447e-38 base 2.190207580574078e-43
32000 ecart 3.152032744856511e-10 largeur 1.514308614557447e-38 base 2.190207580574078e-43
33000 ecart 3.152032744856511e-10 largeur 1.514308614557447e-38 base 2.190207580574078e-43
34000 ecart 3.152032744856511e-10 largeur 2.2105913887994563e-38 base 2.190207580574078e-43
35000 ecart 3.152032744856511e-10 largeur 2.2105913887994563e-38 base 2.190207580574078e-43
36000 ecart 3.152032744856511e-10 largeur 2.2105913887994563e-38 base 2.190207580574078e-43
37000 ecart 3.152032744856511e-10 largeur 2.2105913887994563e-38 base 2.190207580574078e-43
38000 ecart 3.152032744856511e-10 largeur 2.2105913887994563e-38 base 2.190207580574078e-43
39000 ecart 3.152032744856511e-10 largeur 2.2105913887994563e-38 base 2.190207580574078e-43
40000 ecart 3.152032744856511e-10 largeur 3.0380092120243817e-38 base 3.4220198099724997e-43
41000 ecart 3.152032744856511e-10 largeur 3.0380092120243817e-38 base 3.4220198099724997e-43
42000 ecart 3.152032744856511e-10 largeur 3.0380092120243817e-38 base 3.4220198099724997e-43
43000 ecart 3.152032744856511e-10 largeur 3.0380092120243817e-38 base 3.4220198099724997e-43
44000 ecart 3.152032744856511e-10 largeur 3.0380092120243817e-38 base 3.4220198099724997e-43
45000 ecart 3.152032744856511e-10 largeur 3.0380092120243817e-38 base 3.4220198099724997e-43
46000 ecart 3.152032744856511e-10 largeur 3.996559640991717e-38 base 3.4220198099724997e-43
47000 ecart 3.152032744856511e-10 largeur 3.996559640991717e-38 base 3.4220198099724997e-43
48000 ecart 3.152032744856511e-10 largeur 3.996559640991717e-38 base 3.4220198099724997e-43
49000 ecart 3.152032744856511e-10 largeur 3.996559640991717e-38 base 3.4220198099724997e-43
50000 ecart 3.152032744856511e-10 largeur 3.996559640991717e-38 base 3.4220198099724997e-43
51000 ecart 3.152032744856511e-10 largeur 3.996559640991717e-38 base 3.4220198099724997e-43
52000 ecart 3.311848910083953e-10 largeur 5.086255252970985e-38 base 4.066808736633887e-43
53000 ecart 3.311848910083953e-10 largeur 5.086255252970985e-38 base 4.066808736633887e-43
54000 ecart 3.311848910083953e-10 largeur 5.086255252970985e-38 base 4.066808736633887e-43
55000 ecart 3.311848910083953e-10 largeur 5.086255252970985e-38 base 4.066808736633887e-43
56000 ecart 3.311848910083953e-10 largeur 5.086255252970985e-38 base 4.066808736633887e-43
57000 ecart 3.311848910083953e-10 largeur 5.086255252970985e-38 base 4.066808736633887e-43
58000 ecart 3.311848910083953e-10 largeur 6.307087233329569e-38 base 4.066808736633887e-43
59000 ecart 3.311848910083953e-10 largeur 6.307087233329569e-38 base 4.066808736633887e-43
60000 ecart 3.311848910083953e-10 largeur 6.307087233329569e-38 base 4.066808736633887e-43
61000 ecart 3.311848910083953e-10 largeur 6.307087233329569e-38 base 4.066808736633887e-43
62000 ecart 3.311848910083953e-10 largeur 6.307087233329569e-38 base 4.066808736633887e-43
63000 ecart 3.311848910083953e-10 largeur 6.307087233329569e-38 base 4.066808736633887e-43
64000 ecart 4.3438969182611835e-10 largeur 7.659048161685773e-38 base 5.017142043160678e-43
65000 ecart 4.3438969182611835e-10 largeur 7.659048161685773e-38 base 5.017142043160678e-43
66000 ecart 4.3438969182611835e-10 largeur 7.659048161685773e-38 base 5.017142043160678e-43
67000 ecart 4.3438969182611835e-10 largeur 7.659048161685773e-38 base 5.017142043160678e-43
68000 ecart 4.3438969182611835e-10 largeur 7.659048161685773e-38 base 5.017142043160678e-43
69000 ecart 4.3438969182611835e-10 largeur 7.659048161685773e-38 base 5.017142043160678e-43
70000 ecart 1.1135534499543061e-09 largeur 9.14213618077175e-38 base 5.017142043160678e-43
71000 ecart 1.1135534499543061e-09 largeur 9.14213618077175e-38 base 5.017142043160678e-43
72000 ecart 1.1135534499543061e-09 largeur 9.14213618077175e-38 base 5.017142043160678e-43
73000 ecart 1.1135534499543061e-09 largeur 9.14213618077175e-38 base 5.017142043160678e-43
74000 ecart 1.1135534499543061e-09 largeur 9.14213618077175e-38 base 5.017142043160678e-43
75000 ecart 1.1135534499543061e-09 largeur 9.14213618077175e-38 base 5.017142043160678e-43
76000 ecart 2.291378822810718e-09 largeur 1.0756387404607936e-37 base 6.191792832422551e-43
77000 ecart 2.291378822810718e-09 largeur 1.0756387404607936e-37 base 6.191792832422551e-43
78000 ecart 2.291378822810718e-09 largeur 1.0756387404607936e-37 base 6.191792832422551e-43
79000 ecart 2.291378822810718e-09 largeur 1.0756387404607936e-37 base 6.191792832422551e-43
80000 ecart 2.291378822810718e-09 largeur 1.0756387404607936e-37 base 6.191792832422551e-43
terminé 1123.4032516349107 True
