🍹 Building a mixed python/rust project
🐍 Found CPython 3.14 at /tmp/vinkulum-public-build-env/bin/python
🔗 Found pyo3 bindings
📡 Using build options features from pyproject.toml
   Compiling autocfg v1.5.1
   Compiling libm v0.2.16
   Compiling proc-macro2 v1.0.107
   Compiling unicode-ident v1.0.24
   Compiling quote v1.0.47
   Compiling bytemuck v1.25.2
   Compiling rand_core v0.6.4
   Compiling crossbeam-utils v0.8.22
   Compiling crossbeam-epoch v0.9.20
   Compiling cfg-if v1.0.4
   Compiling nano-gemm-codegen v0.2.1
   Compiling libc v0.2.189
   Compiling paste v1.0.15
   Compiling crossbeam-deque v0.8.7
   Compiling bitflags v2.13.1
   Compiling version_check v0.9.5
   Compiling rayon-core v1.13.0
   Compiling either v1.18.0
   Compiling reborrow v0.5.5
   Compiling target-lexicon v0.13.5
   Compiling pulp-wasm-simd-flag v0.1.1
   Compiling dyn-stack-macros v0.1.3
   Compiling once_cell v1.21.4
   Compiling memchr v2.8.3
   Compiling ucd-trie v0.1.7
   Compiling seq-macro v0.3.6
   Compiling syn v1.0.109
   Compiling getrandom v0.3.4
   Compiling zerocopy v0.8.56
   Compiling nano-gemm-core v0.2.1
   Compiling defer v0.2.1
   Compiling find-msvc-tools v0.1.11
   Compiling heck v0.5.0
   Compiling shlex v2.0.1
   Compiling rawpointer v0.2.1
   Compiling byteorder v1.5.0
   Compiling generativity v1.2.1
   Compiling equator-macro v0.6.0
   Compiling typenum v1.20.1
   Compiling rand v0.8.8
   Compiling raw-cpuid v11.6.0
   Compiling safe_arch v0.7.4
   Compiling cc v1.4.4
   Compiling pulp v0.22.3
   Compiling num-traits v0.2.19
   Compiling matrixmultiply v0.3.11
   Compiling dyn-stack v0.13.2
   Compiling equator v0.6.0
   Compiling wide v0.7.33
   Compiling nano-gemm-f32 v0.2.1
   Compiling nano-gemm-c32 v0.2.1
   Compiling nano-gemm-c64 v0.2.1
   Compiling nano-gemm-f64 v0.2.1
   Compiling pest v2.9.0
   Compiling crossbeam-channel v0.5.16
   Compiling crossbeam-queue v0.3.13
   Compiling pyo3-build-config v0.29.2
   Compiling syn v2.0.119
   Compiling crossbeam v0.8.4
   Compiling vinkulum v0.18.1 (/tmp/vinkulum-publication)
   Compiling atomic-wait v1.1.0
   Compiling num_cpus v1.17.0
   Compiling pyo3-ffi v0.29.2
   Compiling pyo3 v0.29.2
   Compiling rand_core v0.9.5
   Compiling rayon v1.12.0
   Compiling pest_meta v2.9.0
   Compiling num-complex v0.4.6
   Compiling num-integer v0.1.47
   Compiling approx v0.5.1
   Compiling num-bigint v0.4.8
   Compiling num-rational v0.4.2
   Compiling simba v0.9.1
   Compiling interpol v0.2.1
   Compiling private-gemm-x86 v0.1.20
   Compiling pest_generator v2.9.0
   Compiling pyo3-macros-backend v0.29.2
   Compiling equator-macro v0.4.2
   Compiling equator-macro v0.2.1
   Compiling nalgebra-macros v0.2.2
   Compiling ppv-lite86 v0.2.21
   Compiling pest_derive v2.9.0
   Compiling py_literal v0.4.0
   Compiling rand_chacha v0.9.0
   Compiling equator v0.2.2
   Compiling equator v0.4.2
   Compiling rand v0.9.5
   Compiling spindle v0.2.6
   Compiling npyz v0.8.4
   Compiling rand_distr v0.5.1
   Compiling gemm-common v0.19.0
   Compiling qd v0.8.0
   Compiling faer-traits v0.24.0
   Compiling gemm-c64 v0.19.0
   Compiling gemm-c32 v0.19.0
   Compiling gemm-f32 v0.19.0
   Compiling gemm-f64 v0.19.0
   Compiling nalgebra v0.33.3
   Compiling pyo3-macros v0.29.2
   Compiling gemm v0.19.0
   Compiling nano-gemm v0.2.2
   Compiling faer v0.24.4
    Finished `release` profile [optimized] target(s) in 52.20s
📦 Built wheel for CPython 3.14 to /tmp/vinkulum-public-audit/final-wheels/vinkulum-0.18.1-cp314-cp314-manylinux_2_39_x86_64.whl
